Component: ARM Compiler 5.05 update 1 (build 106) Tool: armlink [4d0efa]

==============================================================================

Section Cross References

    main.o(.text) refers to action.o(.text) for actionInit
    main.o(.text) refers to delay.o(.text) for delay_ms
    main.o(.text) refers to main.o(.data) for stepOrder
    main.o(.text) refers to allactionarr.o(.ARM.__AT_0x0801CC1A) for calibrationActionArr
    main.o(.text) refers to allactionarr.o(.ARM.__AT_0x0801CBE8) for attentionActionArr
    main.o(.text) refers to allactionarr.o(.ARM.__AT_0x0801CB84) for f1ActionArr
    main.o(.text) refers to allactionarr.o(.ARM.__AT_0x0801CB20) for f2ActionArr
    main.o(.text) refers to allactionarr.o(.ARM.__AT_0x0801CABC) for b1ActionArr
    main.o(.text) refers to allactionarr.o(.ARM.__AT_0x0801CA58) for b2ActionArr
    main.o(.text) refers to allactionarr.o(.ARM.__AT_0x0801C990) for turnLActionArr
    main.o(.text) refers to allactionarr.o(.ARM.__AT_0x0801C8C8) for turnRActionArr
    main.o(.text) refers to allactionarr.o(.ARM.__AT_0x0801C6D4) for rollForwardActionArr
    main.o(.text) refers to allactionarr.o(.ARM.__AT_0x0801C4AE) for backflipActionArr
    main.o(.text) refers to allactionarr.o(.ARM.__AT_0x0801C12A) for FWCActionArr
    main.o(.text) refers to allactionarr.o(.ARM.__AT_0x0801BDA6) for abdominalCurActionArr
    main.o(.text) refers to allactionarr.o(.ARM.__AT_0x0801BB80) for waveActionArr
    main.o(.text) refers to allactionarr.o(.ARM.__AT_0x0801BA22) for bowActionArr
    main.o(.text) refers to allactionarr.o(.ARM.__AT_0x0801B8F6) for sideslipLActionArr
    main.o(.text) refers to allactionarr.o(.ARM.__AT_0x0801B7CA) for sideslipRActionArr
    main.o(.text) refers to allactionarr.o(.ARM.__AT_0x0801B220) for DPZCActionArr
    main.o(.text) refers to allactionarr.o(.ARM.__AT_0x0801B1EE) for sitDownActionArr
    main.o(.text) refers to allactionarr.o(.ARM.__AT_0x0801ADA2) for KHDXActionArr
    main.o(.text) refers to allactionarr.o(.ARM.__AT_0x08019312) for hipHopActionArr
    main.o(.text) refers to allactionarr.o(.ARM.__AT_0x080166BC) for JNStyleActionArr
    main.o(.text) refers to allactionarr.o(.ARM.__AT_0x08014330) for XPGActionArr
    main.o(.text) refers to allactionarr.o(.ARM.__AT_0x0801283C) for laSongActionArr
    main.o(.text) refers to allactionarr.o(.ARM.__AT_0x08010000) for BESActionArr
    main.o(.text) refers to allactionarr.o(.ARM.__AT_0x0801CD46) for yS1ActionArr
    main.o(.text) refers to allactionarr.o(.ARM.__AT_0x0801CC4C) for shakeHeadActionArr
    main.o(.text) refers to allactionarr.o(.ARM.__AT_0x0801D098) for yS2ActionArr
    main.o(.text) refers to my_usart3.o(.bss) for USART_RX_BUF
    main.o(.text) refers to my_usart3.o(.data) for usart3ReceiveSuccess
    main.o(.text) refers to xfs5152v2.o(.text) for YSOrder
    main.o(.text) refers to misc.o(.text) for NVIC_PriorityGroupConfig
    main.o(.text) refers to dma.o(.text) for DMA_Config
    main.o(.text) refers to adc.o(.text) for Adc_Init
    main.o(.text) refers to stm32f10x_dma.o(.text) for DMA_Cmd
    main.o(.text) refers to stm32f10x_adc.o(.text) for ADC_SoftwareStartConvCmd
    main.o(.text) refers to led.o(.text) for LED_Init
    main.o(.text) refers to oled.o(.text) for OLED_Init
    main.o(.text) refers to my_usart3.o(.text) for uart_init
    main.o(.text) refers to uart5.o(.text) for uart5_init
    main.o(.text) refers to pwm.o(.text) for TIM1_PWM_Init
    main.o(.text) refers to adc.o(.bss) for AD_Value
    system_stm32f10x.o(.text) refers to system_stm32f10x.o(.data) for SystemCoreClock
    led.o(.text) refers to stm32f10x_rcc.o(.text) for RCC_APB2PeriphClockCmd
    led.o(.text) refers to stm32f10x_gpio.o(.text) for GPIO_Init
    pwm.o(.text) refers to misc.o(.text) for NVIC_Init
    pwm.o(.text) refers to action.o(.text) for upData
    pwm.o(.text) refers to stm32f10x_rcc.o(.text) for RCC_APB2PeriphClockCmd
    pwm.o(.text) refers to stm32f10x_gpio.o(.text) for GPIO_Init
    pwm.o(.text) refers to stm32f10x_tim.o(.text) for TIM_TimeBaseInit
    pwm.o(.text) refers to pwm.o(.data) for pos
    pwm.o(.text) refers to action.o(.bss) for addPwmR
    pwm.o(.text) refers to action.o(.data) for targetPwmR
    adc.o(.text) refers to stm32f10x_rcc.o(.text) for RCC_APB2PeriphClockCmd
    adc.o(.text) refers to stm32f10x_gpio.o(.text) for GPIO_Init
    adc.o(.text) refers to stm32f10x_adc.o(.text) for ADC_DeInit
    adc.o(.text) refers to rt_memclr_w.o(.text) for __aeabi_memclr4
    adc.o(.text) refers to delay.o(.text) for delay_ms
    adc.o(.text) refers to adc.o(.bss) for AD_Value
    oled.o(.text) refers to stm32f10x_gpio.o(.text) for GPIO_SetBits
    oled.o(.text) refers to oled.o(.constdata) for F8X16
    oled.o(.text) refers to stm32f10x_rcc.o(.text) for RCC_APB2PeriphClockCmd
    oled.o(.text) refers to delay.o(.text) for delay_ms
    oled.o(.text) refers to oled.o(.data) for Hzk
    my_usart3.o(.text) refers (Special) to use_no_semi_2.o(.text) for __use_no_semihosting
[...]
    defsig_general.o(.text) refers to sys_wrch.o(.text) for _ttywrch
    sys_wrch.o(.text) refers (Special) to use_no_semi.o(.text) for __I$use$semihosting
    sys_wrch.o(.text) refers (Special) to indicate_semi.o(.text) for __semihosting_library_function
    defsig.o(CL$$defsig) refers to defsig_rtmem_inner.o(.text) for __rt_SIGRTMEM_inner
    defsig_abrt_inner.o(.text) refers to defsig_general.o(.text) for __default_signal_display
    defsig_fpe_inner.o(.text) refers to defsig_general.o(.text) for __default_signal_display
    defsig_rtred_inner.o(.text) refers to defsig_general.o(.text) for __default_signal_display
    defsig_stak_inner.o(.text) refers to defsig_general.o(.text) for __default_signal_display
    defsig_pvfn_inner.o(.text) refers to defsig_general.o(.text) for __default_signal_display
    defsig_cppl_inner.o(.text) refers to defsig_general.o(.text) for __default_signal_display
    defsig_segv_inner.o(.text) refers to defsig_general.o(.text) for __default_signal_display
    defsig_other.o(.text) refers to defsig_general.o(.text) for __default_signal_display


==============================================================================

Removing Unused input sections from the image.

    Removing uart5.o(.bss), (8192 bytes).
    Removing uart5.o(.data), (3 bytes).
    Removing sys.o(.emb_text), (6 bytes).
    Removing sys.o(.text), (12 bytes).
    Removing core_cm3.o(.emb_text), (32 bytes).

5 unused section(s) (total 8245 bytes) removed from the image.

==============================================================================

Image Symbol Table

    Local Symbols

    Symbol Name                              Value     Ov Type        Size  Object(Section)

    ../clib/angel/boardlib.s                 0x00000000   Number         0  boardinit3.o ABSOLUTE
    ../clib/angel/boardlib.s                 0x00000000   Number         0  boardshut.o ABSOLUTE
    ../clib/angel/boardlib.s                 0x00000000   Number         0  boardinit2.o ABSOLUTE
    ../clib/angel/boardlib.s                 0x00000000   Number         0  boardinit1.o ABSOLUTE
    ../clib/angel/dczerorl2.s                0x00000000   Number         0  __dczerorl2.o ABSOLUTE
    ../clib/angel/handlers.s                 0x00000000   Number         0  __scatter_zi.o ABSOLUTE
    ../clib/angel/kernel.s                   0x00000000   Number         0  rtexit2.o ABSOLUTE
    ../clib/angel/kernel.s                   0x00000000   Number         0  __rtentry.o ABSOLUTE
    ../clib/angel/kernel.s                   0x00000000   Number         0  rtexit.o ABSOLUTE
    ../clib/angel/kernel.s                   0x00000000   Number         0  __rtentry4.o ABSOLUTE
    ../clib/angel/kernel.s                   0x00000000   Number         0  __rtentry2.o ABSOLUTE
    ../clib/angel/rt.s                       0x00000000   Number         0  rt_raise.o ABSOLUTE
    ../clib/angel/scatter.s                  0x00000000   Number         0  __scatter.o ABSOLUTE
    ../clib/angel/startup.s                  0x00000000   Number         0  __main.o ABSOLUTE
    ../clib/angel/sys.s                      0x00000000   Number         0  use_no_semi.o ABSOLUTE
    ../clib/angel/sys.s                      0x00000000   Number         0  libspace.o ABSOLUTE
    ../clib/angel/sys.s                      0x00000000   Number         0  indicate_semi.o ABSOLUTE
    ../clib/angel/sys.s                      0x00000000   Number         0  sys_stackheap_outer.o ABSOLUTE
    ../clib/angel/sys.s                      0x00000000   Number         0  use_no_semi_2.o ABSOLUTE
    ../clib/angel/sysapp.c                   0x00000000   Number         0  sys_command.o ABSOLUTE
    ../clib/angel/sysapp.c                   0x00000000   Number         0  sys_wrch.o ABSOLUTE
    ../clib/armsys.c                         0x00000000   Number         0  argv_veneer.o ABSOLUTE
    ../clib/armsys.c                         0x00000000   Number         0  _get_argv_nomalloc.o ABSOLUTE
    ../clib/armsys.c                         0x00000000   Number         0  no_argv.o ABSOLUTE
    ../clib/armsys.c                         0x00000000   Number         0  argv_veneer.o ABSOLUTE
    ../clib/heapalloc.c                      0x00000000   Number         0  hrguard.o ABSOLUTE
    ../clib/heapaux.c                        0x00000000   Number         0  heapauxi.o ABSOLUTE
    ../clib/libinit.s                        0x00000000   Number         0  libinit.o ABSOLUTE
    ../clib/libinit.s                        0x00000000   Number         0  libshutdown2.o ABSOLUTE
    ../clib/libinit.s                        0x00000000   Number         0  libshutdown.o ABSOLUTE
    ../clib/libinit.s                        0x00000000   Number         0  libinit2.o ABSOLUTE
    ../clib/memcpset.s                       0x00000000   Number         0  rt_memcpy_w.o ABSOLUTE
    ../clib/memcpset.s                       0x00000000   Number         0  rt_memclr_w.o ABSOLUTE
    ../clib/signal.c                         0x00000000   Number         0  defsig_abrt_inner.o ABSOLUTE
    ../clib/signal.c                         0x00000000   Number         0  defsig_fpe_inner.o ABSOLUTE
    ../clib/signal.c                         0x00000000   Number         0  defsig_other.o ABSOLUTE
    ../clib/signal.c                         0x00000000   Number         0  defsig_pvfn_inner.o ABSOLUTE
    ../clib/signal.c                         0x00000000   Number         0  defsig_cppl_inner.o ABSOLUTE
    ../clib/signal.c                         0x00000000   Number         0  defsig_stak_inner.o ABSOLUTE
    ../clib/signal.c                         0x00000000   Number         0  defsig_general.o ABSOLUTE
    ../clib/signal.c                         0x00000000   Number         0  __raise.o ABSOLUTE
    ../clib/signal.c                         0x00000000   Number         0  defsig_rtmem_inner.o ABSOLUTE
    ../clib/signal.c                         0x00000000   Number         0  defsig_rtred_inner.o ABSOLUTE
    ../clib/signal.c                         0x00000000   Number         0  defsig_rtmem_formal.o ABSOLUTE
    ../clib/signal.c                         0x00000000   Number         0  defsig_segv_inner.o ABSOLUTE
    ../clib/signal.c                         0x00000000   Number         0  defsig_exit.o ABSOLUTE
    ../clib/signal.c                         0x00000000   Number         0  defsig_rtmem_outer.o ABSOLUTE
    ../clib/signal.s                         0x00000000   Number         0  defsig.o ABSOLUTE
    ../clib/stdlib.c                         0x00000000   Number         0  exit.o ABSOLUTE
    ../fplib/fpinit.s                        0x00000000   Number         0  fpinit.o ABSOLUTE
    ..\CORE\core_cm3.c                       0x00000000   Number         0  core_cm3.o ABSOLUTE
    ..\CORE\startup_stm32f10x_hd.s           0x00000000   Number         0  startup_stm32f10x_hd.o ABSOLUTE
    ..\HARDWARE\ADC.c                        0x00000000   Number         0  adc.o ABSOLUTE
    ..\HARDWARE\DMA\DMA.C                    0x00000000   Number         0  dma.o ABSOLUTE
    ..\HARDWARE\GPS\gps.c                    0x00000000   Number         0  gps.o ABSOLUTE
    ..\HARDWARE\LED\led.c                    0x00000000   Number         0  led.o ABSOLUTE
    ..\HARDWARE\OLED\oled.c                  0x00000000   Number         0  oled.o ABSOLUTE
    ..\HARDWARE\PWM\pwm.c                    0x00000000   Number         0  pwm.o ABSOLUTE
    ..\HARDWARE\USART\MY_USART3.c            0x00000000   Number         0  my_usart3.o ABSOLUTE
    ..\HARDWARE\XFS5152V2\XFS5152V2.c        0x00000000   Number         0  xfs5152v2.o ABSOLUTE
    ..\HARDWARE\action.c                     0x00000000   Number         0  action.o ABSOLUTE
    ..\HARDWARE\allActionArr.c               0x00000000   Number         0  allactionarr.o ABSOLUTE
    ..\HARDWARE\uart5\uart5.c                0x00000000   Number         0  uart5.o ABSOLUTE
    ..\STM32F10x_FWLib\src\misc.c            0x00000000   Number         0  misc.o ABSOLUTE
    ..\STM32F10x_FWLib\src\stm32f10x_adc.c   0x00000000   Number         0  stm32f10x_adc.o ABSOLUTE
    ..\STM32F10x_FWLib\src\stm32f10x_dma.c   0x00000000   Number         0  stm32f10x_dma.o ABSOLUTE
    ..\STM32F10x_FWLib\src\stm32f10x_gpio.c  0x00000000   Number         0  stm32f10x_gpio.o ABSOLUTE
    ..\STM32F10x_FWLib\src\stm32f10x_rcc.c   0x00000000   Number         0  stm32f10x_rcc.o ABSOLUTE
    ..\STM32F10x_FWLib\src\stm32f10x_tim.c   0x00000000   Number         0  stm32f10x_tim.o ABSOLUTE
    ..\STM32F10x_FWLib\src\stm32f10x_usart.c 0x00000000   Number         0  stm32f10x_usart.o ABSOLUTE
    ..\SYSTEM\delay\delay.c                  0x00000000   Number         0  delay.o ABSOLUTE
    ..\SYSTEM\sys\sys.c                      0x00000000   Number         0  sys.o ABSOLUTE
    ..\\CORE\\core_cm3.c                     0x00000000   Number         0  core_cm3.o ABSOLUTE
    ..\\SYSTEM\\sys\\sys.c                   0x00000000   Number         0  sys.o ABSOLUTE
    dc.s                                     0x00000000   Number         0  dc.o ABSOLUTE
    main.c                                   0x00000000   Number         0  main.o ABSOLUTE
    stm32f10x_it.c                           0x00000000   Number         0  stm32f10x_it.o ABSOLUTE
    system_stm32f10x.c                       0x00000000   Number         0  system_stm32f10x.o ABSOLUTE
    RESET                                    0x08000000   Section      304  startup_stm32f10x_hd.o(RESET)
    !!!main                                  0x08000130   Section        8  __main.o(!!!main)
    !!!scatter                               0x08000138   Section       52  __scatter.o(!!!scatter)
    !!dczerorl2                              0x0800016c   Section       90  __dczerorl2.o(!!dczerorl2)
    !!handler_zi                             0x080001c8   Section       28  __scatter_zi.o(!!handler_zi)
    .ARM.Collect$$libinit$$00000000          0x080001e4   Section        2  libinit.o(.ARM.Collect$$libinit$$00000000)
    .ARM.Collect$$libinit$$00000002          0x080001e6   Section        0  libinit2.o(.ARM.Collect$$libinit$$00000002)
    .ARM.Collect$$libinit$$00000004          0x080001e6   Section        0  libinit2.o(.ARM.Collect$$libinit$$00000004)
    .ARM.Collect$$libinit$$0000000A          0x080001e6   Section        0  libinit2.o(.ARM.Collect$$libinit$$0000000A)
    .ARM.Collect$$libinit$$0000000C          0x080001e6   Section        0  libinit2.o(.ARM.Collect$$libinit$$0000000C)
    .ARM.Collect$$libinit$$0000000E          0x080001e6   Section        0  libinit2.o(.ARM.Collect$$libinit$$0000000E)
    .ARM.Collect$$libinit$$00000011          0x080001e6   Section        0  libinit2.o(.ARM.Collect$$libinit$$00000011)
    .ARM.Collect$$libinit$$00000013          0x080001e6   Section        0  libinit2.o(.ARM.Collect$$libinit$$00000013)
    .ARM.Collect$$libinit$$00000015          0x080001e6   Section        0  libinit2.o(.ARM.Collect$$libinit$$00000015)
    .ARM.Collect$$libinit$$00000017          0x080001e6   Section        0  libinit2.o(.ARM.Collect$$libinit$$00000017)
    .ARM.Collect$$libinit$$00000019          0x080001e6   Section        0  libinit2.o(.ARM.Collect$$libinit$$00000019)
    .ARM.Collect$$libinit$$0000001B          0x080001e6   Section        0  libinit2.o(.ARM.Collect$$libinit$$0000001B)
    .ARM.Collect$$libinit$$0000001D          0x080001e6   Section        0  libinit2.o(.ARM.Collect$$libinit$$0000001D)
    .ARM.Collect$$libinit$$0000001F          0x080001e6   Section        0  libinit2.o(.ARM.Collect$$libinit$$0000001F)
    .ARM.Collect$$libinit$$00000021          0x080001e6   Section        0  libinit2.o(.ARM.Collect$$libinit$$00000021)
    .ARM.Collect$$libinit$$00000023          0x080001e6   Section        0  libinit2.o(.ARM.Collect$$libinit$$00000023)
    .ARM.Collect$$libinit$$00000025          0x080001e6   Section        0  libinit2.o(.ARM.Collect$$libinit$$00000025)
    .ARM.Collect$$libinit$$0000002C          0x080001e6   Section        0  libinit2.o(.ARM.Collect$$libinit$$0000002C)
    .ARM.Collect$$libinit$$0000002E          0x080001e6   Section        0  libinit2.o(.ARM.Collect$$libinit$$0000002E)
    .ARM.Collect$$libinit$$00000030          0x080001e6   Section        0  libinit2.o(.ARM.Collect$$libinit$$00000030)
    .ARM.Collect$$libinit$$00000032          0x080001e6   Section        0  libinit2.o(.ARM.Collect$$libinit$$00000032)
    .ARM.Collect$$libinit$$00000033          0x080001e6   Section        2  libinit2.o(.ARM.Collect$$libinit$$00000033)
    .ARM.Collect$$libshutdown$$00000000      0x080001e8   Section        2  libshutdown.o(.ARM.Collect$$libshutdown$$00000000)
    .ARM.Collect$$libshutdown$$00000003      0x080001ea   Section        0  libshutdown2.o(.ARM.Collect$$libshutdown$$00000003)
    .ARM.Collect$$libshutdown$$00000006      0x080001ea   Section        0  libshutdown2.o(.ARM.Collect$$libshutdown$$00000006)
    .ARM.Collect$$libshutdown$$00000009      0x080001ea   Section        0  libshutdown2.o(.ARM.Collect$$libshutdown$$00000009)
    .ARM.Collect$$libshutdown$$0000000B      0x080001ea   Section        0  libshutdown2.o(.ARM.Collect$$libshutdown$$0000000B)
    .ARM.Collect$$libshutdown$$0000000E      0x080001ea   Section        0  libshutdown2.o(.ARM.Collect$$libshutdown$$0000000E)
    .ARM.Collect$$libshutdown$$0000000F      0x080001ea   Section        2  libshutdown2.o(.ARM.Collect$$libshutdown$$0000000F)
    .ARM.Collect$$rtentry$$00000000          0x080001ec   Section        0  __rtentry.o(.ARM.Collect$$rtentry$$00000000)
    .ARM.Collect$$rtentry$$00000002          0x080001ec   Section        0  __rtentry2.o(.ARM.Collect$$rtentry$$00000002)
    .ARM.Collect$$rtentry$$00000004          0x080001ec   Section        6  __rtentry4.o(.ARM.Collect$$rtentry$$00000004)
    .ARM.Collect$$rtentry$$00000009          0x080001f2   Section        0  __rtentry2.o(.ARM.Collect$$rtentry$$00000009)
    .ARM.Collect$$rtentry$$0000000A          0x080001f2   Section        4  __rtentry2.o(.ARM.Collect$$rtentry$$0000000A)
    .ARM.Collect$$rtentry$$0000000C          0x080001f6   Section        0  __rtentry2.o(.ARM.Collect$$rtentry$$0000000C)
    .ARM.Collect$$rtentry$$0000000D          0x080001f6   Section        8  __rtentry2.o(.ARM.Collect$$rtentry$$0000000D)
    .ARM.Collect$$rtexit$$00000000           0x080001fe   Section        2  rtexit.o(.ARM.Collect$$rtexit$$00000000)
    .ARM.Collect$$rtexit$$00000002           0x08000200   Section        0  rtexit2.o(.ARM.Collect$$rtexit$$00000002)
    .ARM.Collect$$rtexit$$00000003           0x08000200   Section        4  rtexit2.o(.ARM.Collect$$rtexit$$00000003)
    .ARM.Collect$$rtexit$$00000004           0x08000204   Section        6  rtexit2.o(.ARM.Collect$$rtexit$$00000004)
    .text                                    0x0800020c   Section        0  main.o(.text)
    .text                                    0x08000854   Section        0  stm32f10x_it.o(.text)
    .text                                    0x08000870   Section        0  system_stm32f10x.o(.text)
    SetSysClockTo72                          0x08000871   Thumb Code   214  system_stm32f10x.o(.text)
    SetSysClock                              0x08000947   Thumb Code     8  system_stm32f10x.o(.text)
    .text                                    0x08000a50   Section        0  led.o(.text)
    .text                                    0x08000ab0   Section        0  pwm.o(.text)
    .text                                    0x08001470   Section        0  adc.o(.text)
    .text                                    0x08001684   Section        0  oled.o(.text)
    .text                                    0x08001c64   Section        0  my_usart3.o(.text)
    .text                                    0x08001e9c   Section        0  action.o(.text)
    .text                                    0x08002306   Section        0  dma.o(.text)
    .text                                    0x08002350   Section        0  uart5.o(.text)
    .text                                    0x08002424   Section        0  xfs5152v2.o(.text)
    .text                                    0x080028a4   Section        0  delay.o(.text)
    .text                                    0x08002978   Section       64  startup_stm32f10x_hd.o(.text)
    .text                                    0x080029b8   Section        0  stm32f10x_gpio.o(.text)
    .text                                    0x08002d14   Section        0  stm32f10x_rcc.o(.text)
    .text                                    0x080030b8   Section        0  stm32f10x_usart.o(.text)
    .text                                    0x080034c0   Section        0  misc.o(.text)
    .text                                    0x0800359c   Section        0  stm32f10x_tim.o(.text)
    TI4_Config                               0x08003a43   Thumb Code   130  stm32f10x_tim.o(.text)
    TI3_Config                               0x08003ad7   Thumb Code   122  stm32f10x_tim.o(.text)
    TI2_Config                               0x08003b6b   Thumb Code   130  stm32f10x_tim.o(.text)
    TI1_Config                               0x08003bff   Thumb Code   108  stm32f10x_tim.o(.text)
    .text                                    0x080043b8   Section        0  stm32f10x_adc.o(.text)
    .text                                    0x08004808   Section        0  stm32f10x_dma.o(.text)
    .text                                    0x08004a5c   Section        2  use_no_semi_2.o(.text)
    .text                                    0x08004a5e   Section      100  rt_memcpy_w.o(.text)
    .text                                    0x08004ac2   Section       78  rt_memclr_w.o(.text)
    .text                                    0x08004b10   Section        0  heapauxi.o(.text)
    .text                                    0x08004b16   Section        2  use_no_semi.o(.text)
    .text                                    0x08004b18   Section       74  sys_stackheap_outer.o(.text)
    .text                                    0x08004b62   Section        0  exit.o(.text)
    .text                                    0x08004b70   Section        8  libspace.o(.text)
    .constdata                               0x08004b78   Section     2072  oled.o(.constdata)
    .constdata                               0x08005390   Section      624  action.o(.constdata)
    .constdata                               0x08005600   Section        8  xfs5152v2.o(.constdata)
    .ARM.__AT_0x08010000                     0x08010000   Section    10300  allactionarr.o(.ARM.__AT_0x08010000)
    .ARM.__AT_0x0801283C                     0x0801283c   Section     6900  allactionarr.o(.ARM.__AT_0x0801283C)
    .ARM.__AT_0x08014330                     0x08014330   Section     9100  allactionarr.o(.ARM.__AT_0x08014330)
    .ARM.__AT_0x080166BC                     0x080166bc   Section    11350  allactionarr.o(.ARM.__AT_0x080166BC)
    .ARM.__AT_0x08019312                     0x08019312   Section     6800  allactionarr.o(.ARM.__AT_0x08019312)
    .ARM.__AT_0x0801ADA2                     0x0801ada2   Section     1100  allactionarr.o(.ARM.__AT_0x0801ADA2)
    .ARM.__AT_0x0801B1EE                     0x0801b1ee   Section       50  allactionarr.o(.ARM.__AT_0x0801B1EE)
    .ARM.__AT_0x0801B220                     0x0801b220   Section     1450  allactionarr.o(.ARM.__AT_0x0801B220)
    .ARM.__AT_0x0801B7CA                     0x0801b7ca   Section      300  allactionarr.o(.ARM.__AT_0x0801B7CA)
    .ARM.__AT_0x0801B8F6                     0x0801b8f6   Section      300  allactionarr.o(.ARM.__AT_0x0801B8F6)
    .ARM.__AT_0x0801BA22                     0x0801ba22   Section      350  allactionarr.o(.ARM.__AT_0x0801BA22)
    .ARM.__AT_0x0801BB80                     0x0801bb80   Section      550  allactionarr.o(.ARM.__AT_0x0801BB80)
    .ARM.__AT_0x0801BDA6                     0x0801bda6   Section      900  allactionarr.o(.ARM.__AT_0x0801BDA6)
    .ARM.__AT_0x0801C12A                     0x0801c12a   Section      900  allactionarr.o(.ARM.__AT_0x0801C12A)
    .ARM.__AT_0x0801C4AE                     0x0801c4ae   Section      550  allactionarr.o(.ARM.__AT_0x0801C4AE)
    .ARM.__AT_0x0801C6D4                     0x0801c6d4   Section      500  allactionarr.o(.ARM.__AT_0x0801C6D4)
    .ARM.__AT_0x0801C8C8                     0x0801c8c8   Section      200  allactionarr.o(.ARM.__AT_0x0801C8C8)
    .ARM.__AT_0x0801C990                     0x0801c990   Section      200  allactionarr.o(.ARM.__AT_0x0801C990)
    .ARM.__AT_0x0801CA58                     0x0801ca58   Section      100  allactionarr.o(.ARM.__AT_0x0801CA58)
    .ARM.__AT_0x0801CABC                     0x0801cabc   Section      100  allactionarr.o(.ARM.__AT_0x0801CABC)
    .ARM.__AT_0x0801CB20                     0x0801cb20   Section      100  allactionarr.o(.ARM.__AT_0x0801CB20)
    .ARM.__AT_0x0801CB84                     0x0801cb84   Section      100  allactionarr.o(.ARM.__AT_0x0801CB84)
    .ARM.__AT_0x0801CBE8                     0x0801cbe8   Section       50  allactionarr.o(.ARM.__AT_0x0801CBE8)
    .ARM.__AT_0x0801CC1A                     0x0801cc1a   Section       50  allactionarr.o(.ARM.__AT_0x0801CC1A)
    .ARM.__AT_0x0801CC4C                     0x0801cc4c   Section      250  allactionarr.o(.ARM.__AT_0x0801CC4C)
    .ARM.__AT_0x0801CD46                     0x0801cd46   Section      850  allactionarr.o(.ARM.__AT_0x0801CD46)
    .ARM.__AT_0x0801D098                     0x0801d098   Section     1350  allactionarr.o(.ARM.__AT_0x0801D098)
    .data                                    0x20000000   Section     1025  main.o(.data)
    .data                                    0x20000404   Section       20  system_stm32f10x.o(.data)
    .data                                    0x20000418   Section        1  pwm.o(.data)
    .data                                    0x20000419   Section      896  oled.o(.data)
    .data                                    0x2000079c   Section       12  my_usart3.o(.data)
    .data                                    0x200007a8   Section       96  action.o(.data)
    .data                                    0x20000808   Section      258  xfs5152v2.o(.data)
    YS                                       0x20000906   Data           1  xfs5152v2.o(.data)
    YT                                       0x20000907   Data           1  xfs5152v2.o(.data)
    YV                                       0x20000908   Data           1  xfs5152v2.o(.data)
    YP                                       0x20000909   Data           1  xfs5152v2.o(.data)
    .data                                    0x2000090a   Section        4  delay.o(.data)
    fac_us                                   0x2000090a   Data           1  delay.o(.data)
    fac_ms                                   0x2000090c   Data           2  delay.o(.data)
    .data                                    0x2000090e   Section       20  stm32f10x_rcc.o(.data)
    APBAHBPrescTable                         0x2000090e   Data          16  stm32f10x_rcc.o(.data)
    ADCPrescTable                            0x2000091e   Data           4  stm32f10x_rcc.o(.data)
    .bss                                     0x20000924   Section       16  adc.o(.bss)
    .bss                                     0x20000934   Section    16384  my_usart3.o(.bss)
    .bss                                     0x20004934   Section       96  action.o(.bss)
    .bss                                     0x20004994   Section       96  libspace.o(.bss)
    HEAP                                     0x200049f8   Section      512  startup_stm32f10x_hd.o(HEAP)
    Heap_Mem                                 0x200049f8   Data         512  startup_stm32f10x_hd.o(HEAP)
    STACK                                    0x20004bf8   Section     1024  startup_stm32f10x_hd.o(STACK)
    Stack_Mem                                0x20004bf8   Data        1024  startup_stm32f10x_hd.o(STACK)
    __initial_sp                             0x20004ff8   Data           0  startup_stm32f10x_hd.o(STACK)

    Global Symbols

    Symbol Name                              Value     Ov Type        Size  Object(Section)

    BuildAttributes$$THM_ISAv4$P$D$K$B$S$PE$A:L22UL41UL21$X:L11$S22US41US21$IEEE1$IW$USESV6$~STKCKD$USESV7$~SHL$OSPACE$ROPI$EBA8$UX$STANDARDLIB$REQ8$PRES8$EABIv2 0x00000000   Number         0  anon$$obj.o ABSOLUTE
    __ARM_use_no_argv                        0x00000000   Number         0  main.o ABSOLUTE
    __ARM_exceptions_init                     - Undefined Weak Reference
    __alloca_initialize                       - Undefined Weak Reference
    __arm_preinit_                            - Undefined Weak Reference
    __cpp_initialize__aeabi_                  - Undefined Weak Reference
    __cxa_finalize                            - Undefined Weak Reference
    __rt_locale                               - Undefined Weak Reference
    __sigvec_lookup                           - Undefined Weak Reference
    _atexit_init                              - Undefined Weak Reference
    _call_atexit_fns                          - Undefined Weak Reference
    _clock_init                               - Undefined Weak Reference
    _fp_trap_init                             - Undefined Weak Reference
    _fp_trap_shutdown                         - Undefined Weak Reference
    _get_lc_collate                           - Undefined Weak Reference
    _get_lc_ctype                             - Undefined Weak Reference
    _get_lc_monetary                          - Undefined Weak Reference
    _get_lc_numeric                           - Undefined Weak Reference
    _get_lc_time                              - Undefined Weak Reference
    _getenv_init                              - Undefined Weak Reference
    _handle_redirection                       - Undefined Weak Reference
    _init_alloc                               - Undefined Weak Reference
    _init_user_alloc                          - Undefined Weak Reference
    _initio                                   - Undefined Weak Reference
    _rand_init                                - Undefined Weak Reference
    _signal_finish                            - Undefined Weak Reference
    _signal_init                              - Undefined Weak Reference
    _terminate_alloc                          - Undefined Weak Reference
    _terminate_user_alloc                     - Undefined Weak Reference
    _terminateio                              - Undefined Weak Reference
    __Vectors_Size                           0x00000130   Number         0  startup_stm32f10x_hd.o ABSOLUTE
    __Vectors                                0x08000000   Data           4  startup_stm32f10x_hd.o(RESET)
    __Vectors_End                            0x08000130   Data           0  startup_stm32f10x_hd.o(RESET)
    __main                                   0x08000131   Thumb Code     8  __main.o(!!!main)
    __scatterload                            0x08000139   Thumb Code     0  __scatter.o(!!!scatter)
    __scatterload_rt2                        0x08000139   Thumb Code    44  __scatter.o(!!!scatter)
    __scatterload_rt2_thumb_only             0x08000139   Thumb Code     0  __scatter.o(!!!scatter)
    __scatterload_null                       0x08000147   Thumb Code     0  __scatter.o(!!!scatter)
    __decompress                             0x0800016d   Thumb Code    90  __dczerorl2.o(!!dczerorl2)
    __decompress1                            0x0800016d   Thumb Code     0  __dczerorl2.o(!!dczerorl2)
    __scatterload_zeroinit                   0x080001c9   Thumb Code    28  __scatter_zi.o(!!handler_zi)
    __rt_lib_init                            0x080001e5   Thumb Code     0  libinit.o(.ARM.Collect$$libinit$$00000000)
    __rt_lib_init_alloca_1                   0x080001e7   Thumb Code     0  libinit2.o(.ARM.Collect$$libinit$$0000002E)
    __rt_lib_init_argv_1                     0x080001e7   Thumb Code     0  libinit2.o(.ARM.Collect$$libinit$$0000002C)
    __rt_lib_init_atexit_1                   0x080001e7   Thumb Code     0  libinit2.o(.ARM.Collect$$libinit$$0000001B)
    __rt_lib_init_clock_1                    0x080001e7   Thumb Code     0  libinit2.o(.ARM.Collect$$libinit$$00000021)
    __rt_lib_init_cpp_1                      0x080001e7   Thumb Code     0  libinit2.o(.ARM.Collect$$libinit$$00000032)
    __rt_lib_init_exceptions_1               0x080001e7   Thumb Code     0  libinit2.o(.ARM.Collect$$libinit$$00000030)
    __rt_lib_init_fp_1                       0x080001e7   Thumb Code     0  libinit2.o(.ARM.Collect$$libinit$$00000002)
    __rt_lib_init_fp_trap_1                  0x080001e7   Thumb Code     0  libinit2.o(.ARM.Collect$$libinit$$0000001F)
    __rt_lib_init_getenv_1                   0x080001e7   Thumb Code     0  libinit2.o(.ARM.Collect$$libinit$$00000023)
    __rt_lib_init_heap_1                     0x080001e7   Thumb Code     0  libinit2.o(.ARM.Collect$$libinit$$0000000A)
    __rt_lib_init_lc_collate_1               0x080001e7   Thumb Code     0  libinit2.o(.ARM.Collect$$libinit$$00000011)
    __rt_lib_init_lc_ctype_1                 0x080001e7   Thumb Code     0  libinit2.o(.ARM.Collect$$libinit$$00000013)
    __rt_lib_init_lc_monetary_1              0x080001e7   Thumb Code     0  libinit2.o(.ARM.Collect$$libinit$$00000015)
    __rt_lib_init_lc_numeric_1               0x080001e7   Thumb Code     0  libinit2.o(.ARM.Collect$$libinit$$00000017)
    __rt_lib_init_lc_time_1                  0x080001e7   Thumb Code     0  libinit2.o(.ARM.Collect$$libinit$$00000019)
    __rt_lib_init_preinit_1                  0x080001e7   Thumb Code     0  libinit2.o(.ARM.Collect$$libinit$$00000004)
    __rt_lib_init_rand_1                     0x080001e7   Thumb Code     0  libinit2.o(.ARM.Collect$$libinit$$0000000E)
    __rt_lib_init_return                     0x080001e7   Thumb Code     0  libinit2.o(.ARM.Collect$$libinit$$00000033)
    __rt_lib_init_signal_1                   0x080001e7   Thumb Code     0  libinit2.o(.ARM.Collect$$libinit$$0000001D)
    __rt_lib_init_stdio_1                    0x080001e7   Thumb Code     0  libinit2.o(.ARM.Collect$$libinit$$00000025)
    __rt_lib_init_user_alloc_1               0x080001e7   Thumb Code     0  libinit2.o(.ARM.Collect$$libinit$$0000000C)
    __rt_lib_shutdown                        0x080001e9   Thumb Code     0  libshutdown.o(.ARM.Collect$$libshutdown$$00000000)
    __rt_lib_shutdown_fp_trap_1              0x080001eb   Thumb Code     0  libshutdown2.o(.ARM.Collect$$libshutdown$$00000006)
    __rt_lib_shutdown_heap_1                 0x080001eb   Thumb Code     0  libshutdown2.o(.ARM.Collect$$libshutdown$$0000000E)
    __rt_lib_shutdown_return                 0x080001eb   Thumb Code     0  libshutdown2.o(.ARM.Collect$$libshutdown$$0000000F)
    __rt_lib_shutdown_signal_1               0x080001eb   Thumb Code     0  libshutdown2.o(.ARM.Collect$$libshutdown$$00000009)
    __rt_lib_shutdown_stdio_1                0x080001eb   Thumb Code     0  libshutdown2.o(.ARM.Collect$$libshutdown$$00000003)
    __rt_lib_shutdown_user_alloc_1           0x080001eb   Thumb Code     0  libshutdown2.o(.ARM.Collect$$libshutdown$$0000000B)
    __rt_entry                               0x080001ed   Thumb Code     0  __rtentry.o(.ARM.Collect$$rtentry$$00000000)
    __rt_entry_presh_1                       0x080001ed   Thumb Code     0  __rtentry2.o(.ARM.Collect$$rtentry$$00000002)
    __rt_entry_sh                            0x080001ed   Thumb Code     0  __rtentry4.o(.ARM.Collect$$rtentry$$00000004)
    __rt_entry_li                            0x080001f3   Thumb Code     0  __rtentry2.o(.ARM.Collect$$rtentry$$0000000A)
    __rt_entry_postsh_1                      0x080001f3   Thumb Code     0  __rtentry2.o(.ARM.Collect$$rtentry$$00000009)
    __rt_entry_main                          0x080001f7   Thumb Code     0  __rtentry2.o(.ARM.Collect$$rtentry$$0000000D)
    __rt_entry_postli_1                      0x080001f7   Thumb Code     0  __rtentry2.o(.ARM.Collect$$rtentry$$0000000C)
    __rt_exit                                0x080001ff   Thumb Code     0  rtexit.o(.ARM.Collect$$rtexit$$00000000)
    __rt_exit_ls                             0x08000201   Thumb Code     0  rtexit2.o(.ARM.Collect$$rtexit$$00000003)
    __rt_exit_prels_1                        0x08000201   Thumb Code     0  rtexit2.o(.ARM.Collect$$rtexit$$00000002)
    __rt_exit_exit                           0x08000205   Thumb Code     0  rtexit2.o(.ARM.Collect$$rtexit$$00000004)
    executeOrder                             0x0800020d   Thumb Code   564  main.o(.text)
    receiveDataConvertToPwmValue             0x08000441   Thumb Code   410  main.o(.text)
    feelingDataParsing                       0x080005db   Thumb Code   194  main.o(.text)
    checkAndDealY                            0x0800069d   Thumb Code    64  main.o(.text)
    checkAndDealActionDebug                  0x080006dd   Thumb Code    58  main.o(.text)
    main                                     0x08000717   Thumb Code   278  main.o(.text)
    NMI_Handler                              0x08000855   Thumb Code     2  stm32f10x_it.o(.text)
    HardFault_Handler                        0x08000857   Thumb Code     4  stm32f10x_it.o(.text)
    MemManage_Handler                        0x0800085b   Thumb Code     4  stm32f10x_it.o(.text)
    BusFault_Handler                         0x0800085f   Thumb Code     4  stm32f10x_it.o(.text)
    UsageFault_Handler                       0x08000863   Thumb Code     4  stm32f10x_it.o(.text)
    SVC_Handler                              0x08000867   Thumb Code     2  stm32f10x_it.o(.text)
    DebugMon_Handler                         0x08000869   Thumb Code     2  stm32f10x_it.o(.text)
    PendSV_Handler                           0x0800086b   Thumb Code     2  stm32f10x_it.o(.text)
    SysTick_Handler                          0x0800086d   Thumb Code     2  stm32f10x_it.o(.text)
    SystemInit                               0x0800094f   Thumb Code    78  system_stm32f10x.o(.text)
    SystemCoreClockUpdate                    0x0800099d   Thumb Code   142  system_stm32f10x.o(.text)
    LED_Init                                 0x08000a51   Thumb Code    88  led.o(.text)
    TIM6_Int_Init                            0x08000ab1   Thumb Code    76  pwm.o(.text)
    TIM6_IRQHandler                          0x08000afd   Thumb Code   510  pwm.o(.text)
    TIM1_PWM_Init                            0x08000cfb   Thumb Code   304  pwm.o(.text)
    TIM8_PWM_Init                            0x08000e2b   Thumb Code   360  pwm.o(.text)
    TIM2_PWM_Init                            0x08000f93   Thumb Code   340  pwm.o(.text)
    TIM3_PWM_Init                            0x080010e7   Thumb Code   312  pwm.o(.text)
    TIM4_PWM_Init                            0x0800121f   Thumb Code   310  pwm.o(.text)
    TIM5_PWM_Init                            0x08001355   Thumb Code   270  pwm.o(.text)
    Adc_Init                                 0x08001471   Thumb Code   258  adc.o(.text)
    sort                                     0x08001573   Thumb Code    44  adc.o(.text)
    getOneADC                                0x0800159f   Thumb Code   212  adc.o(.text)
    adcToOne                                 0x08001673   Thumb Code     2  adc.o(.text)
    IIC_Start                                0x08001685   Thumb Code    36  oled.o(.text)
    IIC_Stop                                 0x080016a9   Thumb Code    28  oled.o(.text)
    IIC_Wait_Ack                             0x080016c5   Thumb Code    20  oled.o(.text)
    Write_IIC_Byte                           0x080016d9   Thumb Code    80  oled.o(.text)
    Write_IIC_Command                        0x08001729   Thumb Code    44  oled.o(.text)
    Write_IIC_Data                           0x08001755   Thumb Code    44  oled.o(.text)
    OLED_WR_Byte                             0x08001781   Thumb Code    24  oled.o(.text)
    fill_picture                             0x08001799   Thumb Code    64  oled.o(.text)
    Delay_50ms                               0x080017d9   Thumb Code    22  oled.o(.text)
    Delay_1ms                                0x080017ef   Thumb Code    26  oled.o(.text)
    OLED_Set_Pos                             0x08001809   Thumb Code    40  oled.o(.text)
    OLED_Display_On                          0x08001831   Thumb Code    28  oled.o(.text)
    OLED_Display_Off                         0x0800184d   Thumb Code    28  oled.o(.text)
    OLED_Clear                               0x08001869   Thumb Code    62  oled.o(.text)
    OLED_On                                  0x080018a7   Thumb Code    62  oled.o(.text)
    OLED_ShowChar                            0x080018e5   Thumb Code   154  oled.o(.text)
    oled_pow                                 0x0800197f   Thumb Code    22  oled.o(.text)
    OLED_ShowNum                             0x08001995   Thumb Code   136  oled.o(.text)
    OLED_ShowString                          0x08001a1d   Thumb Code    58  oled.o(.text)
    OLED_ShowCHinese                         0x08001a57   Thumb Code   112  oled.o(.text)
    OLED_DrawBMP                             0x08001ac7   Thumb Code   118  oled.o(.text)
    OLED_Init                                0x08001b3d   Thumb Code   284  oled.o(.text)
    _sys_exit                                0x08001c65   Thumb Code     6  my_usart3.o(.text)
    fputc                                    0x08001c6b   Thumb Code    24  my_usart3.o(.text)
    uart_init                                0x08001c83   Thumb Code   146  my_usart3.o(.text)
    USART3_IRQHandler                        0x08001d15   Thumb Code   324  my_usart3.o(.text)
    USART3_PutChar                           0x08001e59   Thumb Code    28  my_usart3.o(.text)
    countAddPwm                              0x08001e9d   Thumb Code   122  action.o(.text)
    actionInit                               0x08001f17   Thumb Code    40  action.o(.text)
    standUp                                  0x08001f3f   Thumb Code    42  action.o(.text)
    sitDown                                  0x08001f69   Thumb Code    42  action.o(.text)
    halfSitDown                              0x08001f93   Thumb Code    42  action.o(.text)
    open                                     0x08001fbd   Thumb Code    42  action.o(.text)
    rightLeaning                             0x08001fe7   Thumb Code    40  action.o(.text)
    leftLeaning                              0x0800200f   Thumb Code    42  action.o(.text)
    forWordOne                               0x08002039   Thumb Code   134  action.o(.text)
    forWordTwo                               0x080020bf   Thumb Code   132  action.o(.text)
    upData                                   0x08002143   Thumb Code   194  action.o(.text)
    doAction                                 0x08002205   Thumb Code   258  action.o(.text)
    DMA_Config                               0x08002307   Thumb Code    74  dma.o(.text)
    uart5_init                               0x08002351   Thumb Code   126  uart5.o(.text)
    UART5_IRQHandler                         0x080023cf   Thumb Code    24  uart5.o(.text)
    UART5_PutChar                            0x080023e7   Thumb Code    28  uart5.o(.text)
    UART5_PutStr                             0x08002403   Thumb Code    22  uart5.o(.text)
    strlen                                   0x08002425   Thumb Code    20  xfs5152v2.o(.text)
    strcpy                                   0x08002439   Thumb Code    20  xfs5152v2.o(.text)
    XFS_FrameInfo                            0x0800244d   Thumb Code   246  xfs5152v2.o(.text)
    YSOrder                                  0x08002543   Thumb Code   536  xfs5152v2.o(.text)
    XFS_I2C_Start                            0x0800275b   Thumb Code    36  xfs5152v2.o(.text)
    XFS_I2C_Stop                             0x0800277f   Thumb Code    28  xfs5152v2.o(.text)
    XFS_Test_Ack                             0x0800279b   Thumb Code    20  xfs5152v2.o(.text)
    XFS_SendData                             0x080027af   Thumb Code    74  xfs5152v2.o(.text)
    XFS_I2CSendData                          0x080027f9   Thumb Code    48  xfs5152v2.o(.text)
    delay_init                               0x080028a5   Thumb Code    50  delay.o(.text)
    delay_us                                 0x080028d7   Thumb Code    72  delay.o(.text)
    delay_ms                                 0x0800291f   Thumb Code    72  delay.o(.text)
    Reset_Handler                            0x08002979   Thumb Code     8  startup_stm32f10x_hd.o(.text)
    ADC1_2_IRQHandler                        0x08002993   Thumb Code     0  startup_stm32f10x_hd.o(.text)
    ADC3_IRQHandler                          0x08002993   Thumb Code     0  startup_stm32f10x_hd.o(.text)
    CAN1_RX1_IRQHandler                      0x08002993   Thumb Code     0  startup_stm32f10x_hd.o(.text)
    CAN1_SCE_IRQHandler                      0x08002993   Thumb Code     0  startup_stm32f10x_hd.o(.text)
    DMA1_Channel1_IRQHandler                 0x08002993   Thumb Code     0  startup_stm32f10x_hd.o(.text)
    DMA1_Channel2_IRQHandler                 0x08002993   Thumb Code     0  startup_stm32f10x_hd.o(.text)
    DMA1_Channel3_IRQHandler                 0x08002993   Thumb Code     0  startup_stm32f10x_hd.o(.text)
    DMA1_Channel4_IRQHandler                 0x08002993   Thumb Code     0  startup_stm32f10x_hd.o(.text)
    DMA1_Channel5_IRQHandler                 0x08002993   Thumb Code     0  startup_stm32f10x_hd.o(.text)
    DMA1_Channel6_IRQHandler                 0x08002993   Thumb Code     0  startup_stm32f10x_hd.o(.text)
    DMA1_Channel7_IRQHandler                 0x08002993   Thumb Code     0  startup_stm32f10x_hd.o(.text)
    DMA2_Channel1_IRQHandler                 0x08002993   Thumb Code     0  startup_stm32f10x_hd.o(.text)
    DMA2_Channel2_IRQHandler                 0x08002993   Thumb Code     0  startup_stm32f10x_hd.o(.text)
    DMA2_Channel3_IRQHandler                 0x08002993   Thumb Code     0  startup_stm32f10x_hd.o(.text)
    DMA2_Channel4_5_IRQHandler               0x08002993   Thumb Code     0  startup_stm32f10x_hd.o(.text)
    EXTI0_IRQHandler                         0x08002993   Thumb Code     0  startup_stm32f10x_hd.o(.text)
    EXTI15_10_IRQHandler                     0x08002993   Thumb Code     0  startup_stm32f10x_hd.o(.text)
    EXTI1_IRQHandler                         0x08002993   Thumb Code     0  startup_stm32f10x_hd.o(.text)
    EXTI2_IRQHandler                         0x08002993   Thumb Code     0  startup_stm32f10x_hd.o(.text)
    EXTI3_IRQHandler                         0x08002993   Thumb Code     0  startup_stm32f10x_hd.o(.text)
    EXTI4_IRQHandler                         0x08002993   Thumb Code     0  startup_stm32f10x_hd.o(.text)
    EXTI9_5_IRQHandler                       0x08002993   Thumb Code     0  startup_stm32f10x_hd.o(.text)
    FLASH_IRQHandler                         0x08002993   Thumb Code     0  startup_stm32f10x_hd.o(.text)
    FSMC_IRQHandler                          0x08002993   Thumb Code     0  startup_stm32f10x_hd.o(.text)
    I2C1_ER_IRQHandler                       0x08002993   Thumb Code     0  startup_stm32f10x_hd.o(.text)
    I2C1_EV_IRQHandler                       0x08002993   Thumb Code     0  startup_stm32f10x_hd.o(.text)
    I2C2_ER_IRQHandler                       0x08002993   Thumb Code     0  startup_stm32f10x_hd.o(.text)
    I2C2_EV_IRQHandler                       0x08002993   Thumb Code     0  startup_stm32f10x_hd.o(.text)
    PVD_IRQHandler                           0x08002993   Thumb Code     0  startup_stm32f10x_hd.o(.text)
    RCC_IRQHandler                           0x08002993   Thumb Code     0  startup_stm32f10x_hd.o(.text)
    RTCAlarm_IRQHandler                      0x08002993   Thumb Code     0  startup_stm32f10x_hd.o(.text)
    RTC_IRQHandler                           0x08002993   Thumb Code     0  startup_stm32f10x_hd.o(.text)
    SDIO_IRQHandler                          0x08002993   Thumb Code     0  startup_stm32f10x_hd.o(.text)
    SPI1_IRQHandler                          0x08002993   Thumb Code     0  startup_stm32f10x_hd.o(.text)
    SPI2_IRQHandler                          0x08002993   Thumb Code     0  startup_stm32f10x_hd.o(.text)
    SPI3_IRQHandler                          0x08002993   Thumb Code     0  startup_stm32f10x_hd.o(.text)
    TAMPER_IRQHandler                        0x08002993   Thumb Code     0  startup_stm32f10x_hd.o(.text)
    TIM1_BRK_IRQHandler                      0x08002993   Thumb Code     0  startup_stm32f10x_hd.o(.text)
    TIM1_CC_IRQHandler                       0x08002993   Thumb Code     0  startup_stm32f10x_hd.o(.text)
    TIM1_TRG_COM_IRQHandler                  0x08002993   Thumb Code     0  startup_stm32f10x_hd.o(.text)
    TIM1_UP_IRQHandler                       0x08002993   Thumb Code     0  startup_stm32f10x_hd.o(.text)
    TIM2_IRQHandler                          0x08002993   Thumb Code     0  startup_stm32f10x_hd.o(.text)
    TIM3_IRQHandler                          0x08002993   Thumb Code     0  startup_stm32f10x_hd.o(.text)
    TIM4_IRQHandler                          0x08002993   Thumb Code     0  startup_stm32f10x_hd.o(.text)
    TIM5_IRQHandler                          0x08002993   Thumb Code     0  startup_stm32f10x_hd.o(.text)
    TIM7_IRQHandler                          0x08002993   Thumb Code     0  startup_stm32f10x_hd.o(.text)
    TIM8_BRK_IRQHandler                      0x08002993   Thumb Code     0  startup_stm32f10x_hd.o(.text)
    TIM8_CC_IRQHandler                       0x08002993   Thumb Code     0  startup_stm32f10x_hd.o(.text)
    TIM8_TRG_COM_IRQHandler                  0x08002993   Thumb Code     0  startup_stm32f10x_hd.o(.text)
    TIM8_UP_IRQHandler                       0x08002993   Thumb Code     0  startup_stm32f10x_hd.o(.text)
    UART4_IRQHandler                         0x08002993   Thumb Code     0  startup_stm32f10x_hd.o(.text)
    USART1_IRQHandler                        0x08002993   Thumb Code     0  startup_stm32f10x_hd.o(.text)
    USART2_IRQHandler                        0x08002993   Thumb Code     0  startup_stm32f10x_hd.o(.text)
    USBWakeUp_IRQHandler                     0x08002993   Thumb Code     0  startup_stm32f10x_hd.o(.text)
    USB_HP_CAN1_TX_IRQHandler                0x08002993   Thumb Code     0  startup_stm32f10x_hd.o(.text)
    USB_LP_CAN1_RX0_IRQHandler               0x08002993   Thumb Code     0  startup_stm32f10x_hd.o(.text)
    WWDG_IRQHandler                          0x08002993   Thumb Code     0  startup_stm32f10x_hd.o(.text)
    __user_initial_stackheap                 0x08002995   Thumb Code     0  startup_stm32f10x_hd.o(.text)
    GPIO_DeInit                              0x080029b9   Thumb Code   172  stm32f10x_gpio.o(.text)
    GPIO_AFIODeInit                          0x08002a65   Thumb Code    20  stm32f10x_gpio.o(.text)
    GPIO_Init                                0x08002a79   Thumb Code   278  stm32f10x_gpio.o(.text)
    GPIO_StructInit                          0x08002b8f   Thumb Code    16  stm32f10x_gpio.o(.text)
    GPIO_ReadInputDataBit                    0x08002b9f   Thumb Code    18  stm32f10x_gpio.o(.text)
    GPIO_ReadInputData                       0x08002bb1   Thumb Code     8  stm32f10x_gpio.o(.text)
    GPIO_ReadOutputDataBit                   0x08002bb9   Thumb Code    18  stm32f10x_gpio.o(.text)
    GPIO_ReadOutputData                      0x08002bcb   Thumb Code     8  stm32f10x_gpio.o(.text)
    GPIO_SetBits                             0x08002bd3   Thumb Code     4  stm32f10x_gpio.o(.text)
    GPIO_ResetBits                           0x08002bd7   Thumb Code     4  stm32f10x_gpio.o(.text)
    GPIO_WriteBit                            0x08002bdb   Thumb Code    10  stm32f10x_gpio.o(.text)
    GPIO_Write                               0x08002be5   Thumb Code     4  stm32f10x_gpio.o(.text)
    GPIO_PinLockConfig                       0x08002be9   Thumb Code    18  stm32f10x_gpio.o(.text)
    GPIO_EventOutputConfig                   0x08002bfb   Thumb Code    26  stm32f10x_gpio.o(.text)
    GPIO_EventOutputCmd                      0x08002c15   Thumb Code     6  stm32f10x_gpio.o(.text)
    GPIO_PinRemapConfig                      0x08002c1b   Thumb Code   138  stm32f10x_gpio.o(.text)
    GPIO_EXTILineConfig                      0x08002ca5   Thumb Code    66  stm32f10x_gpio.o(.text)
    GPIO_ETH_MediaInterfaceConfig            0x08002ce7   Thumb Code     8  stm32f10x_gpio.o(.text)
    RCC_DeInit                               0x08002d15   Thumb Code    64  stm32f10x_rcc.o(.text)
    RCC_HSEConfig                            0x08002d55   Thumb Code    70  stm32f10x_rcc.o(.text)
    RCC_GetFlagStatus                        0x08002d9b   Thumb Code    56  stm32f10x_rcc.o(.text)
    RCC_WaitForHSEStartUp                    0x08002dd3   Thumb Code    56  stm32f10x_rcc.o(.text)
    RCC_AdjustHSICalibrationValue            0x08002e0b   Thumb Code    20  stm32f10x_rcc.o(.text)
    RCC_HSICmd                               0x08002e1f   Thumb Code     6  stm32f10x_rcc.o(.text)
    RCC_PLLConfig                            0x08002e25   Thumb Code    24  stm32f10x_rcc.o(.text)
    RCC_PLLCmd                               0x08002e3d   Thumb Code     6  stm32f10x_rcc.o(.text)
    RCC_SYSCLKConfig                         0x08002e43   Thumb Code    18  stm32f10x_rcc.o(.text)
    RCC_GetSYSCLKSource                      0x08002e55   Thumb Code    10  stm32f10x_rcc.o(.text)
    RCC_HCLKConfig                           0x08002e5f   Thumb Code    18  stm32f10x_rcc.o(.text)
    RCC_PCLK1Config                          0x08002e71   Thumb Code    18  stm32f10x_rcc.o(.text)
    RCC_PCLK2Config                          0x08002e83   Thumb Code    20  stm32f10x_rcc.o(.text)
    RCC_ITConfig                             0x08002e97   Thumb Code    26  stm32f10x_rcc.o(.text)
    RCC_USBCLKConfig                         0x08002eb1   Thumb Code     8  stm32f10x_rcc.o(.text)
    RCC_ADCCLKConfig                         0x08002eb9   Thumb Code    18  stm32f10x_rcc.o(.text)
    RCC_LSEConfig                            0x08002ecb   Thumb Code    50  stm32f10x_rcc.o(.text)
    RCC_LSICmd                               0x08002efd   Thumb Code     6  stm32f10x_rcc.o(.text)
    RCC_RTCCLKConfig                         0x08002f03   Thumb Code    12  stm32f10x_rcc.o(.text)
    RCC_RTCCLKCmd                            0x08002f0f   Thumb Code     8  stm32f10x_rcc.o(.text)
    RCC_GetClocksFreq                        0x08002f17   Thumb Code   192  stm32f10x_rcc.o(.text)
    RCC_AHBPeriphClockCmd                    0x08002fd7   Thumb Code    26  stm32f10x_rcc.o(.text)
    RCC_APB2PeriphClockCmd                   0x08002ff1   Thumb Code    26  stm32f10x_rcc.o(.text)
    RCC_APB1PeriphClockCmd                   0x0800300b   Thumb Code    26  stm32f10x_rcc.o(.text)
    RCC_APB2PeriphResetCmd                   0x08003025   Thumb Code    26  stm32f10x_rcc.o(.text)
    RCC_APB1PeriphResetCmd                   0x0800303f   Thumb Code    26  stm32f10x_rcc.o(.text)
    RCC_BackupResetCmd                       0x08003059   Thumb Code     8  stm32f10x_rcc.o(.text)
    RCC_ClockSecuritySystemCmd               0x08003061   Thumb Code     6  stm32f10x_rcc.o(.text)
    RCC_MCOConfig                            0x08003067   Thumb Code     6  stm32f10x_rcc.o(.text)
    RCC_ClearFlag                            0x0800306d   Thumb Code    14  stm32f10x_rcc.o(.text)
    RCC_GetITStatus                          0x0800307b   Thumb Code    20  stm32f10x_rcc.o(.text)
    RCC_ClearITPendingBit                    0x0800308f   Thumb Code     6  stm32f10x_rcc.o(.text)
    USART_DeInit                             0x080030b9   Thumb Code   134  stm32f10x_usart.o(.text)
    USART_Init                               0x0800313f   Thumb Code   210  stm32f10x_usart.o(.text)
    USART_StructInit                         0x08003211   Thumb Code    24  stm32f10x_usart.o(.text)
    USART_ClockInit                          0x08003229   Thumb Code    34  stm32f10x_usart.o(.text)
    USART_ClockStructInit                    0x0800324b   Thumb Code    12  stm32f10x_usart.o(.text)
    USART_Cmd                                0x08003257   Thumb Code    24  stm32f10x_usart.o(.text)
    USART_ITConfig                           0x0800326f   Thumb Code    74  stm32f10x_usart.o(.text)
    USART_DMACmd                             0x080032b9   Thumb Code    18  stm32f10x_usart.o(.text)
    USART_SetAddress                         0x080032cb   Thumb Code    18  stm32f10x_usart.o(.text)
    USART_WakeUpConfig                       0x080032dd   Thumb Code    18  stm32f10x_usart.o(.text)
    USART_ReceiverWakeUpCmd                  0x080032ef   Thumb Code    24  stm32f10x_usart.o(.text)
    USART_LINBreakDetectLengthConfig         0x08003307   Thumb Code    18  stm32f10x_usart.o(.text)
    USART_LINCmd                             0x08003319   Thumb Code    24  stm32f10x_usart.o(.text)
    USART_SendData                           0x08003331   Thumb Code     8  stm32f10x_usart.o(.text)
    USART_ReceiveData                        0x08003339   Thumb Code    10  stm32f10x_usart.o(.text)
    USART_SendBreak                          0x08003343   Thumb Code    10  stm32f10x_usart.o(.text)
    USART_SetGuardTime                       0x0800334d   Thumb Code    16  stm32f10x_usart.o(.text)
    USART_SetPrescaler                       0x0800335d   Thumb Code    16  stm32f10x_usart.o(.text)
    USART_SmartCardCmd                       0x0800336d   Thumb Code    24  stm32f10x_usart.o(.text)
    USART_SmartCardNACKCmd                   0x08003385   Thumb Code    24  stm32f10x_usart.o(.text)
    USART_HalfDuplexCmd                      0x0800339d   Thumb Code    24  stm32f10x_usart.o(.text)
    USART_OverSampling8Cmd                   0x080033b5   Thumb Code    22  stm32f10x_usart.o(.text)
    USART_OneBitMethodCmd                    0x080033cb   Thumb Code    24  stm32f10x_usart.o(.text)
    USART_IrDAConfig                         0x080033e3   Thumb Code    18  stm32f10x_usart.o(.text)
    USART_IrDACmd                            0x080033f5   Thumb Code    24  stm32f10x_usart.o(.text)
    USART_GetFlagStatus                      0x0800340d   Thumb Code    26  stm32f10x_usart.o(.text)
    USART_ClearFlag                          0x08003427   Thumb Code    18  stm32f10x_usart.o(.text)
    USART_GetITStatus                        0x08003439   Thumb Code    84  stm32f10x_usart.o(.text)
    USART_ClearITPendingBit                  0x0800348d   Thumb Code    52  stm32f10x_usart.o(.text)
    NVIC_PriorityGroupConfig                 0x080034c1   Thumb Code    10  misc.o(.text)
    NVIC_Init                                0x080034cb   Thumb Code   100  misc.o(.text)
    NVIC_SetVectorTable                      0x0800352f   Thumb Code    14  misc.o(.text)
    NVIC_SystemLPConfig                      0x0800353d   Thumb Code    34  misc.o(.text)
    SysTick_CLKSourceConfig                  0x0800355f   Thumb Code    40  misc.o(.text)
    TIM_DeInit                               0x0800359d   Thumb Code   424  stm32f10x_tim.o(.text)
    TIM_TimeBaseInit                         0x08003745   Thumb Code   122  stm32f10x_tim.o(.text)
    TIM_OC1Init                              0x080037bf   Thumb Code   132  stm32f10x_tim.o(.text)
    TIM_OC2Init                              0x08003843   Thumb Code   154  stm32f10x_tim.o(.text)
    TIM_OC3Init                              0x080038dd   Thumb Code   150  stm32f10x_tim.o(.text)
    TIM_OC4Init                              0x08003973   Thumb Code   182  stm32f10x_tim.o(.text)
    TIM_SetIC4Prescaler                      0x08003a29   Thumb Code    26  stm32f10x_tim.o(.text)
    TIM_SetIC3Prescaler                      0x08003ac5   Thumb Code    18  stm32f10x_tim.o(.text)
    TIM_SetIC2Prescaler                      0x08003b51   Thumb Code    26  stm32f10x_tim.o(.text)
    TIM_SetIC1Prescaler                      0x08003bed   Thumb Code    18  stm32f10x_tim.o(.text)
    TIM_ICInit                               0x08003c6b   Thumb Code   150  stm32f10x_tim.o(.text)
    TIM_PWMIConfig                           0x08003d01   Thumb Code   124  stm32f10x_tim.o(.text)
    TIM_BDTRConfig                           0x08003d7d   Thumb Code    32  stm32f10x_tim.o(.text)
    TIM_TimeBaseStructInit                   0x08003d9d   Thumb Code    18  stm32f10x_tim.o(.text)
    TIM_OCStructInit                         0x08003daf   Thumb Code    20  stm32f10x_tim.o(.text)
    TIM_ICStructInit                         0x08003dc3   Thumb Code    18  stm32f10x_tim.o(.text)
    TIM_BDTRStructInit                       0x08003dd5   Thumb Code    40  stm32f10x_tim.o(.text)
    TIM_Cmd                                  0x08003dfd   Thumb Code    24  stm32f10x_tim.o(.text)
    TIM_CtrlPWMOutputs                       0x08003e15   Thumb Code    30  stm32f10x_tim.o(.text)
    TIM_ITConfig                             0x08003e33   Thumb Code    18  stm32f10x_tim.o(.text)
    TIM_GenerateEvent                        0x08003e45   Thumb Code     4  stm32f10x_tim.o(.text)
    TIM_DMAConfig                            0x08003e49   Thumb Code    10  stm32f10x_tim.o(.text)
    TIM_DMACmd                               0x08003e53   Thumb Code    18  stm32f10x_tim.o(.text)
    TIM_InternalClockConfig                  0x08003e65   Thumb Code    12  stm32f10x_tim.o(.text)
    TIM_SelectInputTrigger                   0x08003e71   Thumb Code    18  stm32f10x_tim.o(.text)
    TIM_ITRxExternalClockConfig              0x08003e83   Thumb Code    24  stm32f10x_tim.o(.text)
    TIM_TIxExternalClockConfig               0x08003e9b   Thumb Code    62  stm32f10x_tim.o(.text)
    TIM_ETRConfig                            0x08003ed9   Thumb Code    28  stm32f10x_tim.o(.text)
    TIM_ETRClockMode1Config                  0x08003ef5   Thumb Code    54  stm32f10x_tim.o(.text)
    TIM_ETRClockMode2Config                  0x08003f2b   Thumb Code    32  stm32f10x_tim.o(.text)
    TIM_PrescalerConfig                      0x08003f4b   Thumb Code     6  stm32f10x_tim.o(.text)
    TIM_CounterModeConfig                    0x08003f51   Thumb Code    18  stm32f10x_tim.o(.text)
    TIM_EncoderInterfaceConfig               0x08003f63   Thumb Code    66  stm32f10x_tim.o(.text)
    TIM_ForcedOC1Config                      0x08003fa5   Thumb Code    18  stm32f10x_tim.o(.text)
    TIM_ForcedOC2Config                      0x08003fb7   Thumb Code    26  stm32f10x_tim.o(.text)
    TIM_ForcedOC3Config                      0x08003fd1   Thumb Code    18  stm32f10x_tim.o(.text)
    TIM_ForcedOC4Config                      0x08003fe3   Thumb Code    26  stm32f10x_tim.o(.text)
    TIM_ARRPreloadConfig                     0x08003ffd   Thumb Code    24  stm32f10x_tim.o(.text)
    TIM_SelectCOM                            0x08004015   Thumb Code    24  stm32f10x_tim.o(.text)
    TIM_SelectCCDMA                          0x0800402d   Thumb Code    24  stm32f10x_tim.o(.text)
    TIM_CCPreloadControl                     0x08004045   Thumb Code    24  stm32f10x_tim.o(.text)
    TIM_OC1PreloadConfig                     0x0800405d   Thumb Code    18  stm32f10x_tim.o(.text)
    TIM_OC2PreloadConfig                     0x0800406f   Thumb Code    26  stm32f10x_tim.o(.text)
    TIM_OC3PreloadConfig                     0x08004089   Thumb Code    18  stm32f10x_tim.o(.text)
    TIM_OC4PreloadConfig                     0x0800409b   Thumb Code    26  stm32f10x_tim.o(.text)
    TIM_OC1FastConfig                        0x080040b5   Thumb Code    18  stm32f10x_tim.o(.text)
    TIM_OC2FastConfig                        0x080040c7   Thumb Code    26  stm32f10x_tim.o(.text)
    TIM_OC3FastConfig                        0x080040e1   Thumb Code    18  stm32f10x_tim.o(.text)
    TIM_OC4FastConfig                        0x080040f3   Thumb Code    26  stm32f10x_tim.o(.text)
    TIM_ClearOC1Ref                          0x0800410d   Thumb Code    18  stm32f10x_tim.o(.text)
    TIM_ClearOC2Ref                          0x0800411f   Thumb Code    24  stm32f10x_tim.o(.text)
    TIM_ClearOC3Ref                          0x08004137   Thumb Code    18  stm32f10x_tim.o(.text)
    TIM_ClearOC4Ref                          0x08004149   Thumb Code    24  stm32f10x_tim.o(.text)
    TIM_OC1PolarityConfig                    0x08004161   Thumb Code    18  stm32f10x_tim.o(.text)
    TIM_OC1NPolarityConfig                   0x08004173   Thumb Code    18  stm32f10x_tim.o(.text)
    TIM_OC2PolarityConfig                    0x08004185   Thumb Code    26  stm32f10x_tim.o(.text)
    TIM_OC2NPolarityConfig                   0x0800419f   Thumb Code    26  stm32f10x_tim.o(.text)
    TIM_OC3PolarityConfig                    0x080041b9   Thumb Code    26  stm32f10x_tim.o(.text)
    TIM_OC3NPolarityConfig                   0x080041d3   Thumb Code    26  stm32f10x_tim.o(.text)
    TIM_OC4PolarityConfig                    0x080041ed   Thumb Code    26  stm32f10x_tim.o(.text)
    TIM_CCxCmd                               0x08004207   Thumb Code    30  stm32f10x_tim.o(.text)
    TIM_CCxNCmd                              0x08004225   Thumb Code    30  stm32f10x_tim.o(.text)
    TIM_SelectOCxM                           0x08004243   Thumb Code    82  stm32f10x_tim.o(.text)
    TIM_UpdateDisableConfig                  0x08004295   Thumb Code    24  stm32f10x_tim.o(.text)
    TIM_UpdateRequestConfig                  0x080042ad   Thumb Code    24  stm32f10x_tim.o(.text)
    TIM_SelectHallSensor                     0x080042c5   Thumb Code    24  stm32f10x_tim.o(.text)
    TIM_SelectOnePulseMode                   0x080042dd   Thumb Code    18  stm32f10x_tim.o(.text)
    TIM_SelectOutputTrigger                  0x080042ef   Thumb Code    18  stm32f10x_tim.o(.text)
    TIM_SelectSlaveMode                      0x08004301   Thumb Code    18  stm32f10x_tim.o(.text)
    TIM_SelectMasterSlaveMode                0x08004313   Thumb Code    18  stm32f10x_tim.o(.text)
    TIM_SetCounter                           0x08004325   Thumb Code     4  stm32f10x_tim.o(.text)
    TIM_SetAutoreload                        0x08004329   Thumb Code     4  stm32f10x_tim.o(.text)
    TIM_SetCompare1                          0x0800432d   Thumb Code     4  stm32f10x_tim.o(.text)
    TIM_SetCompare2                          0x08004331   Thumb Code     4  stm32f10x_tim.o(.text)
    TIM_SetCompare3                          0x08004335   Thumb Code     4  stm32f10x_tim.o(.text)
    TIM_SetCompare4                          0x08004339   Thumb Code     6  stm32f10x_tim.o(.text)
    TIM_SetClockDivision                     0x0800433f   Thumb Code    18  stm32f10x_tim.o(.text)
    TIM_GetCapture1                          0x08004351   Thumb Code     6  stm32f10x_tim.o(.text)
    TIM_GetCapture2                          0x08004357   Thumb Code     6  stm32f10x_tim.o(.text)
    TIM_GetCapture3                          0x0800435d   Thumb Code     6  stm32f10x_tim.o(.text)
    TIM_GetCapture4                          0x08004363   Thumb Code     8  stm32f10x_tim.o(.text)
    TIM_GetCounter                           0x0800436b   Thumb Code     6  stm32f10x_tim.o(.text)
    TIM_GetPrescaler                         0x08004371   Thumb Code     6  stm32f10x_tim.o(.text)
    TIM_GetFlagStatus                        0x08004377   Thumb Code    18  stm32f10x_tim.o(.text)
    TIM_ClearFlag                            0x08004389   Thumb Code     6  stm32f10x_tim.o(.text)
    TIM_GetITStatus                          0x0800438f   Thumb Code    34  stm32f10x_tim.o(.text)
    TIM_ClearITPendingBit                    0x080043b1   Thumb Code     6  stm32f10x_tim.o(.text)
    ADC_DeInit                               0x080043b9   Thumb Code    78  stm32f10x_adc.o(.text)
    ADC_Init                                 0x08004407   Thumb Code    70  stm32f10x_adc.o(.text)
    ADC_StructInit                           0x0800444d   Thumb Code    18  stm32f10x_adc.o(.text)
    ADC_Cmd                                  0x0800445f   Thumb Code    22  stm32f10x_adc.o(.text)
    ADC_DMACmd                               0x08004475   Thumb Code    22  stm32f10x_adc.o(.text)
    ADC_ITConfig                             0x0800448b   Thumb Code    24  stm32f10x_adc.o(.text)
    ADC_ResetCalibration                     0x080044a3   Thumb Code    10  stm32f10x_adc.o(.text)
    ADC_GetResetCalibrationStatus            0x080044ad   Thumb Code    20  stm32f10x_adc.o(.text)
    ADC_StartCalibration                     0x080044c1   Thumb Code    10  stm32f10x_adc.o(.text)
    ADC_GetCalibrationStatus                 0x080044cb   Thumb Code    20  stm32f10x_adc.o(.text)
    ADC_SoftwareStartConvCmd                 0x080044df   Thumb Code    22  stm32f10x_adc.o(.text)
    ADC_GetSoftwareStartConvStatus           0x080044f5   Thumb Code    20  stm32f10x_adc.o(.text)
    ADC_DiscModeChannelCountConfig           0x08004509   Thumb Code    24  stm32f10x_adc.o(.text)
    ADC_DiscModeCmd                          0x08004521   Thumb Code    22  stm32f10x_adc.o(.text)
    ADC_RegularChannelConfig                 0x08004537   Thumb Code   184  stm32f10x_adc.o(.text)
    ADC_ExternalTrigConvCmd                  0x080045ef   Thumb Code    22  stm32f10x_adc.o(.text)
    ADC_GetConversionValue                   0x08004605   Thumb Code     8  stm32f10x_adc.o(.text)
    ADC_GetDualModeConversionValue           0x0800460d   Thumb Code     8  stm32f10x_adc.o(.text)
    ADC_AutoInjectedConvCmd                  0x08004615   Thumb Code    22  stm32f10x_adc.o(.text)
    ADC_InjectedDiscModeCmd                  0x0800462b   Thumb Code    22  stm32f10x_adc.o(.text)
    ADC_ExternalTrigInjectedConvConfig       0x08004641   Thumb Code    16  stm32f10x_adc.o(.text)
    ADC_ExternalTrigInjectedConvCmd          0x08004651   Thumb Code    22  stm32f10x_adc.o(.text)
    ADC_SoftwareStartInjectedConvCmd         0x08004667   Thumb Code    22  stm32f10x_adc.o(.text)
    ADC_GetSoftwareStartInjectedConvCmdStatus 0x0800467d   Thumb Code    20  stm32f10x_adc.o(.text)
    ADC_InjectedChannelConfig                0x08004691   Thumb Code   130  stm32f10x_adc.o(.text)
    ADC_InjectedSequencerLengthConfig        0x08004713   Thumb Code    24  stm32f10x_adc.o(.text)
    ADC_SetInjectedOffset                    0x0800472b   Thumb Code    20  stm32f10x_adc.o(.text)
    ADC_GetInjectedConversionValue           0x0800473f   Thumb Code    28  stm32f10x_adc.o(.text)
    ADC_AnalogWatchdogCmd                    0x0800475b   Thumb Code    16  stm32f10x_adc.o(.text)
    ADC_AnalogWatchdogThresholdsConfig       0x0800476b   Thumb Code     6  stm32f10x_adc.o(.text)
    ADC_AnalogWatchdogSingleChannelConfig    0x08004771   Thumb Code    16  stm32f10x_adc.o(.text)
    ADC_TempSensorVrefintCmd                 0x08004781   Thumb Code    64  stm32f10x_adc.o(.text)
    ADC_GetFlagStatus                        0x080047c1   Thumb Code    18  stm32f10x_adc.o(.text)
    ADC_ClearFlag                            0x080047d3   Thumb Code     6  stm32f10x_adc.o(.text)
    ADC_GetITStatus                          0x080047d9   Thumb Code    36  stm32f10x_adc.o(.text)
    ADC_ClearITPendingBit                    0x080047fd   Thumb Code    10  stm32f10x_adc.o(.text)
    DMA_DeInit                               0x08004809   Thumb Code   324  stm32f10x_dma.o(.text)
    DMA_Init                                 0x0800494d   Thumb Code    60  stm32f10x_dma.o(.text)
    DMA_StructInit                           0x08004989   Thumb Code    26  stm32f10x_dma.o(.text)
    DMA_Cmd                                  0x080049a3   Thumb Code    24  stm32f10x_dma.o(.text)
    DMA_ITConfig                             0x080049bb   Thumb Code    18  stm32f10x_dma.o(.text)
    DMA_SetCurrDataCounter                   0x080049cd   Thumb Code     4  stm32f10x_dma.o(.text)
    DMA_GetCurrDataCounter                   0x080049d1   Thumb Code     8  stm32f10x_dma.o(.text)
    DMA_GetFlagStatus                        0x080049d9   Thumb Code    40  stm32f10x_dma.o(.text)
    DMA_ClearFlag                            0x08004a01   Thumb Code    22  stm32f10x_dma.o(.text)
    DMA_GetITStatus                          0x08004a17   Thumb Code    40  stm32f10x_dma.o(.text)
    DMA_ClearITPendingBit                    0x08004a3f   Thumb Code    22  stm32f10x_dma.o(.text)
    __use_no_semihosting                     0x08004a5d   Thumb Code     2  use_no_semi_2.o(.text)
    __aeabi_memcpy4                          0x08004a5f   Thumb Code     0  rt_memcpy_w.o(.text)
    __aeabi_memcpy8                          0x08004a5f   Thumb Code     0  rt_memcpy_w.o(.text)
    __rt_memcpy_w                            0x08004a5f   Thumb Code   100  rt_memcpy_w.o(.text)
    _memcpy_lastbytes_aligned                0x08004aa7   Thumb Code     0  rt_memcpy_w.o(.text)
    __aeabi_memclr4                          0x08004ac3   Thumb Code     0  rt_memclr_w.o(.text)
    __aeabi_memclr8                          0x08004ac3   Thumb Code     0  rt_memclr_w.o(.text)
    __rt_memclr_w                            0x08004ac3   Thumb Code    78  rt_memclr_w.o(.text)
    _memset_w                                0x08004ac7   Thumb Code     0  rt_memclr_w.o(.text)
    __use_two_region_memory                  0x08004b11   Thumb Code     2  heapauxi.o(.text)
    __rt_heap_escrow$2region                 0x08004b13   Thumb Code     2  heapauxi.o(.text)
    __rt_heap_expand$2region                 0x08004b15   Thumb Code     2  heapauxi.o(.text)
    __I$use$semihosting                      0x08004b17   Thumb Code     0  use_no_semi.o(.text)
    __use_no_semihosting_swi                 0x08004b17   Thumb Code     2  use_no_semi.o(.text)
    __user_setup_stackheap                   0x08004b19   Thumb Code    74  sys_stackheap_outer.o(.text)
    exit                                     0x08004b63   Thumb Code    12  exit.o(.text)
    __user_libspace                          0x08004b71   Thumb Code     8  libspace.o(.text)
    __user_perproc_libspace                  0x08004b71   Thumb Code     0  libspace.o(.text)
    __user_perthread_libspace                0x08004b71   Thumb Code     0  libspace.o(.text)
    F6x8                                     0x08004b78   Data         552  oled.o(.constdata)
    F8X16                                    0x08004da0   Data        1520  oled.o(.constdata)
    Region$$Table$$Base                      0x08005608   Number         0  anon$$obj.o(Region$$Table)
    Region$$Table$$Limit                     0x08005628   Number         0  anon$$obj.o(Region$$Table)
    BESActionArr                             0x08010000   Data       10300  allactionarr.o(.ARM.__AT_0x08010000)
    laSongActionArr                          0x0801283c   Data        6900  allactionarr.o(.ARM.__AT_0x0801283C)
    XPGActionArr                             0x08014330   Data        9100  allactionarr.o(.ARM.__AT_0x08014330)
    JNStyleActionArr                         0x080166bc   Data       11350  allactionarr.o(.ARM.__AT_0x080166BC)
    hipHopActionArr                          0x08019312   Data        6800  allactionarr.o(.ARM.__AT_0x08019312)
    KHDXActionArr                            0x0801ada2   Data        1100  allactionarr.o(.ARM.__AT_0x0801ADA2)
    sitDownActionArr                         0x0801b1ee   Data          50  allactionarr.o(.ARM.__AT_0x0801B1EE)
    DPZCActionArr                            0x0801b220   Data        1450  allactionarr.o(.ARM.__AT_0x0801B220)
    sideslipRActionArr                       0x0801b7ca   Data         300  allactionarr.o(.ARM.__AT_0x0801B7CA)
    sideslipLActionArr                       0x0801b8f6   Data         300  allactionarr.o(.ARM.__AT_0x0801B8F6)
    bowActionArr                             0x0801ba22   Data         350  allactionarr.o(.ARM.__AT_0x0801BA22)
    waveActionArr                            0x0801bb80   Data         550  allactionarr.o(.ARM.__AT_0x0801BB80)
    abdominalCurActionArr                    0x0801bda6   Data         900  allactionarr.o(.ARM.__AT_0x0801BDA6)
    FWCActionArr                             0x0801c12a   Data         900  allactionarr.o(.ARM.__AT_0x0801C12A)
    backflipActionArr                        0x0801c4ae   Data         550  allactionarr.o(.ARM.__AT_0x0801C4AE)
    rollForwardActionArr                     0x0801c6d4   Data         500  allactionarr.o(.ARM.__AT_0x0801C6D4)
    turnRActionArr                           0x0801c8c8   Data         200  allactionarr.o(.ARM.__AT_0x0801C8C8)
    turnLActionArr                           0x0801c990   Data         200  allactionarr.o(.ARM.__AT_0x0801C990)
    b2ActionArr                              0x0801ca58   Data         100  allactionarr.o(.ARM.__AT_0x0801CA58)
    b1ActionArr                              0x0801cabc   Data         100  allactionarr.o(.ARM.__AT_0x0801CABC)
    f2ActionArr                              0x0801cb20   Data         100  allactionarr.o(.ARM.__AT_0x0801CB20)
    f1ActionArr                              0x0801cb84   Data         100  allactionarr.o(.ARM.__AT_0x0801CB84)
    attentionActionArr                       0x0801cbe8   Data          50  allactionarr.o(.ARM.__AT_0x0801CBE8)
    calibrationActionArr                     0x0801cc1a   Data          50  allactionarr.o(.ARM.__AT_0x0801CC1A)
    shakeHeadActionArr                       0x0801cc4c   Data         250  allactionarr.o(.ARM.__AT_0x0801CC4C)
    yS1ActionArr                             0x0801cd46   Data         850  allactionarr.o(.ARM.__AT_0x0801CD46)
    yS2ActionArr                             0x0801d098   Data        1350  allactionarr.o(.ARM.__AT_0x0801D098)
    BMP1                                     0x20000000   Data        1024  main.o(.data)
    stepOrder                                0x20000400   Data           1  main.o(.data)
    SystemCoreClock                          0x20000404   Data           4  system_stm32f10x.o(.data)
    AHBPrescTable                            0x20000408   Data          16  system_stm32f10x.o(.data)
    pos                                      0x20000418   Data           1  pwm.o(.data)
    Hzk                                      0x20000419   Data         896  oled.o(.data)
    __stdout                                 0x2000079c   Data           4  my_usart3.o(.data)
    USART_RX_STA                             0x200007a0   Data           2  my_usart3.o(.data)
    usart3ReceiveSuccess                     0x200007a2   Data           1  my_usart3.o(.data)
    USART_RX_STA2                            0x200007a4   Data           2  my_usart3.o(.data)
    usart3ReceiveSuccess2                    0x200007a6   Data           1  my_usart3.o(.data)
    firstdata                                0x200007a7   Data           1  my_usart3.o(.data)
    nowPwmL                                  0x200007a8   Data          24  action.o(.data)
    nowPwmR                                  0x200007c0   Data          24  action.o(.data)
    targetPwmL                               0x200007d8   Data          24  action.o(.data)
    targetPwmR                               0x200007f0   Data          24  action.o(.data)
    XFS_StopCom                              0x20000808   Data           4  xfs5152v2.o(.data)
    XFS_SuspendCom                           0x2000080c   Data           4  xfs5152v2.o(.data)
    XFS_RecoverCom                           0x20000810   Data           4  xfs5152v2.o(.data)
    XFS_ChackCom                             0x20000814   Data           4  xfs5152v2.o(.data)
    XFS_PowerDownCom                         0x20000818   Data           4  xfs5152v2.o(.data)
    YSpeed                                   0x2000081c   Data          66  xfs5152v2.o(.data)
    YTone                                    0x2000085e   Data          66  xfs5152v2.o(.data)
    YVolume                                  0x200008a0   Data          66  xfs5152v2.o(.data)
    YPeople                                  0x200008e2   Data          36  xfs5152v2.o(.data)
    AD_Value                                 0x20000924   Data          16  adc.o(.bss)
    USART_RX_BUF                             0x20000934   Data        8192  my_usart3.o(.bss)
    USART_RX_BUF2                            0x20002934   Data        8192  my_usart3.o(.bss)
    addPwmR                                  0x20004934   Data          24  action.o(.bss)
    addPwmL                                  0x2000494c   Data          24  action.o(.bss)
    errorValueL                              0x20004964   Data          24  action.o(.bss)
    errorValueR                              0x2000497c   Data          24  action.o(.bss)
    __libspace_start                         0x20004994   Data          96  libspace.o(.bss)
    __temporary_stack_top$libspace           0x200049f4   Data           0  libspace.o(.bss)



==============================================================================

Memory Map of the image

  Image Entry point : 0x08000131

  Load Region LR_IROM1 (Base: 0x08000000, Size: 0x0001df04, Max: 0x00040000, ABSOLUTE, COMPRESSED[0x0001d904])

    Execution Region ER_IROM1 (Base: 0x08000000, Size: 0x0001d5e0, Max: 0x00040000, ABSOLUTE)

    Base Addr    Size         Type   Attr      Idx    E Section Name        Object

    0x08000000   0x00000130   Data   RO          467    RESET               startup_stm32f10x_hd.o
    0x08000130   0x00000008   Code   RO          568  * !!!main             c_w.l(__main.o)
    0x08000138   0x00000034   Code   RO          724    !!!scatter          c_w.l(__scatter.o)
    0x0800016c   0x0000005a   Code   RO          722    !!dczerorl2         c_w.l(__dczerorl2.o)
    0x080001c6   0x00000002   PAD
    0x080001c8   0x0000001c   Code   RO          726    !!handler_zi        c_w.l(__scatter_zi.o)
    0x080001e4   0x00000002   Code   RO          597    .ARM.Collect$$libinit$$00000000  c_w.l(libinit.o)
    0x080001e6   0x00000000   Code   RO          604    .ARM.Collect$$libinit$$00000002  c_w.l(libinit2.o)
    0x080001e6   0x00000000   Code   RO          606    .ARM.Collect$$libinit$$00000004  c_w.l(libinit2.o)
    0x080001e6   0x00000000   Code   RO          609    .ARM.Collect$$libinit$$0000000A  c_w.l(libinit2.o)
    0x080001e6   0x00000000   Code   RO          611    .ARM.Collect$$libinit$$0000000C  c_w.l(libinit2.o)
    0x080001e6   0x00000000   Code   RO          613    .ARM.Collect$$libinit$$0000000E  c_w.l(libinit2.o)
    0x080001e6   0x00000000   Code   RO          616    .ARM.Collect$$libinit$$00000011  c_w.l(libinit2.o)
    0x080001e6   0x00000000   Code   RO          618    .ARM.Collect$$libinit$$00000013  c_w.l(libinit2.o)
    0x080001e6   0x00000000   Code   RO          620    .ARM.Collect$$libinit$$00000015  c_w.l(libinit2.o)
    0x080001e6   0x00000000   Code   RO          622    .ARM.Collect$$libinit$$00000017  c_w.l(libinit2.o)
    0x080001e6   0x00000000   Code   RO          624    .ARM.Collect$$libinit$$00000019  c_w.l(libinit2.o)
    0x080001e6   0x00000000   Code   RO          626    .ARM.Collect$$libinit$$0000001B  c_w.l(libinit2.o)
    0x080001e6   0x00000000   Code   RO          628    .ARM.Collect$$libinit$$0000001D  c_w.l(libinit2.o)
    0x080001e6   0x00000000   Code   RO          630    .ARM.Collect$$libinit$$0000001F  c_w.l(libinit2.o)
    0x080001e6   0x00000000   Code   RO          632    .ARM.Collect$$libinit$$00000021  c_w.l(libinit2.o)
    0x080001e6   0x00000000   Code   RO          634    .ARM.Collect$$libinit$$00000023  c_w.l(libinit2.o)
    0x080001e6   0x00000000   Code   RO          636    .ARM.Collect$$libinit$$00000025  c_w.l(libinit2.o)
    0x080001e6   0x00000000   Code   RO          640    .ARM.Collect$$libinit$$0000002C  c_w.l(libinit2.o)
    0x080001e6   0x00000000   Code   RO          642    .ARM.Collect$$libinit$$0000002E  c_w.l(libinit2.o)
    0x080001e6   0x00000000   Code   RO          644    .ARM.Collect$$libinit$$00000030  c_w.l(libinit2.o)
    0x080001e6   0x00000000   Code   RO          646    .ARM.Collect$$libinit$$00000032  c_w.l(libinit2.o)
    0x080001e6   0x00000002   Code   RO          647    .ARM.Collect$$libinit$$00000033  c_w.l(libinit2.o)
    0x080001e8   0x00000002   Code   RO          665    .ARM.Collect$$libshutdown$$00000000  c_w.l(libshutdown.o)
    0x080001ea   0x00000000   Code   RO          676    .ARM.Collect$$libshutdown$$00000003  c_w.l(libshutdown2.o)
    0x080001ea   0x00000000   Code   RO          679    .ARM.Collect$$libshutdown$$00000006  c_w.l(libshutdown2.o)
    0x080001ea   0x00000000   Code   RO          682    .ARM.Collect$$libshutdown$$00000009  c_w.l(libshutdown2.o)
    0x080001ea   0x00000000   Code   RO          684    .ARM.Collect$$libshutdown$$0000000B  c_w.l(libshutdown2.o)
    0x080001ea   0x00000000   Code   RO          687    .ARM.Collect$$libshutdown$$0000000E  c_w.l(libshutdown2.o)
    0x080001ea   0x00000002   Code   RO          688    .ARM.Collect$$libshutdown$$0000000F  c_w.l(libshutdown2.o)
    0x080001ec   0x00000000   Code   RO          572    .ARM.Collect$$rtentry$$00000000  c_w.l(__rtentry.o)
    0x080001ec   0x00000000   Code   RO          574    .ARM.Collect$$rtentry$$00000002  c_w.l(__rtentry2.o)
    0x080001ec   0x00000006   Code   RO          586    .ARM.Collect$$rtentry$$00000004  c_w.l(__rtentry4.o)
    0x080001f2   0x00000000   Code   RO          576    .ARM.Collect$$rtentry$$00000009  c_w.l(__rtentry2.o)
    0x080001f2   0x00000004   Code   RO          577    .ARM.Collect$$rtentry$$0000000A  c_w.l(__rtentry2.o)
    0x080001f6   0x00000000   Code   RO          579    .ARM.Collect$$rtentry$$0000000C  c_w.l(__rtentry2.o)
    0x080001f6   0x00000008   Code   RO          580    .ARM.Collect$$rtentry$$0000000D  c_w.l(__rtentry2.o)
    0x080001fe   0x00000002   Code   RO          601    .ARM.Collect$$rtexit$$00000000  c_w.l(rtexit.o)
    0x08000200   0x00000000   Code   RO          649    .ARM.Collect$$rtexit$$00000002  c_w.l(rtexit2.o)
    0x08000200   0x00000004   Code   RO          650    .ARM.Collect$$rtexit$$00000003  c_w.l(rtexit2.o)
    0x08000204   0x00000006   Code   RO          651    .ARM.Collect$$rtexit$$00000004  c_w.l(rtexit2.o)
    0x0800020a   0x00000002   PAD
    0x0800020c   0x00000648   Code   RO            1    .text               main.o
    0x08000854   0x0000001a   Code   RO          149    .text               stm32f10x_it.o
    0x0800086e   0x00000002   PAD
    0x08000870   0x000001e0   Code   RO          190    .text               system_stm32f10x.o
    0x08000a50   0x00000060   Code   RO          208    .text               led.o
    0x08000ab0   0x000009c0   Code   RO          220    .text               pwm.o
    0x08001470   0x00000214   Code   RO          235    .text               adc.o
    0x08001684   0x000005e0   Code   RO          253    .text               oled.o
    0x08001c64   0x00000238   Code   RO          275    .text               my_usart3.o
    0x08001e9c   0x0000046a   Code   RO          298    .text               action.o
    0x08002306   0x0000004a   Code   RO          367    .text               dma.o
    0x08002350   0x000000d4   Code   RO          386    .text               uart5.o
    0x08002424   0x00000480   Code   RO          405    .text               xfs5152v2.o
    0x080028a4   0x000000d4   Code   RO          424    .text               delay.o
    0x08002978   0x00000040   Code   RO          468    .text               startup_stm32f10x_hd.o
    0x080029b8   0x0000035c   Code   RO          472    .text               stm32f10x_gpio.o
    0x08002d14   0x000003a4   Code   RO          484    .text               stm32f10x_rcc.o
    0x080030b8   0x00000408   Code   RO          498    .text               stm32f10x_usart.o
    0x080034c0   0x000000dc   Code   RO          510    .text               misc.o
    0x0800359c   0x00000e1a   Code   RO          522    .text               stm32f10x_tim.o
    0x080043b6   0x00000002   PAD
    0x080043b8   0x0000044e   Code   RO          534    .text               stm32f10x_adc.o
    0x08004806   0x00000002   PAD
    0x08004808   0x00000254   Code   RO          546    .text               stm32f10x_dma.o
    0x08004a5c   0x00000002   Code   RO          560    .text               c_w.l(use_no_semi_2.o)
    0x08004a5e   0x00000064   Code   RO          562    .text               c_w.l(rt_memcpy_w.o)
    0x08004ac2   0x0000004e   Code   RO          564    .text               c_w.l(rt_memclr_w.o)
    0x08004b10   0x00000006   Code   RO          566    .text               c_w.l(heapauxi.o)
    0x08004b16   0x00000002   Code   RO          570    .text               c_w.l(use_no_semi.o)
    0x08004b18   0x0000004a   Code   RO          588    .text               c_w.l(sys_stackheap_outer.o)
    0x08004b62   0x0000000c   Code   RO          590    .text               c_w.l(exit.o)
    0x08004b6e   0x00000002   PAD
    0x08004b70   0x00000008   Code   RO          598    .text               c_w.l(libspace.o)
    0x08004b78   0x00000818   Data   RO          254    .constdata          oled.o
    0x08005390   0x00000270   Data   RO          300    .constdata          action.o
    0x08005600   0x00000008   Data   RO          406    .constdata          xfs5152v2.o
    0x08005608   0x00000020   Data   RO          720    Region$$Table       anon$$obj.o
    0x08005628   0x0000a9d8   PAD
    0x08010000   0x0000283c   Data   RO          319    .ARM.__AT_0x08010000  allactionarr.o
    0x0801283c   0x00001af4   Data   RO          320    .ARM.__AT_0x0801283C  allactionarr.o
    0x08014330   0x0000238c   Data   RO          321    .ARM.__AT_0x08014330  allactionarr.o
    0x080166bc   0x00002c56   Data   RO          322    .ARM.__AT_0x080166BC  allactionarr.o
    0x08019312   0x00001a90   Data   RO          323    .ARM.__AT_0x08019312  allactionarr.o
    0x0801ada2   0x0000044c   Data   RO          324    .ARM.__AT_0x0801ADA2  allactionarr.o
    0x0801b1ee   0x00000032   Data   RO          325    .ARM.__AT_0x0801B1EE  allactionarr.o
    0x0801b220   0x000005aa   Data   RO          326    .ARM.__AT_0x0801B220  allactionarr.o
    0x0801b7ca   0x0000012c   Data   RO          327    .ARM.__AT_0x0801B7CA  allactionarr.o
    0x0801b8f6   0x0000012c   Data   RO          328    .ARM.__AT_0x0801B8F6  allactionarr.o
    0x0801ba22   0x0000015e   Data   RO          329    .ARM.__AT_0x0801BA22  allactionarr.o
    0x0801bb80   0x00000226   Data   RO          330    .ARM.__AT_0x0801BB80  allactionarr.o
    0x0801bda6   0x00000384   Data   RO          331    .ARM.__AT_0x0801BDA6  allactionarr.o
    0x0801c12a   0x00000384   Data   RO          332    .ARM.__AT_0x0801C12A  allactionarr.o
    0x0801c4ae   0x00000226   Data   RO          333    .ARM.__AT_0x0801C4AE  allactionarr.o
    0x0801c6d4   0x000001f4   Data   RO          334    .ARM.__AT_0x0801C6D4  allactionarr.o
    0x0801c8c8   0x000000c8   Data   RO          335    .ARM.__AT_0x0801C8C8  allactionarr.o
    0x0801c990   0x000000c8   Data   RO          336    .ARM.__AT_0x0801C990  allactionarr.o
    0x0801ca58   0x00000064   Data   RO          337    .ARM.__AT_0x0801CA58  allactionarr.o
    0x0801cabc   0x00000064   Data   RO          338    .ARM.__AT_0x0801CABC  allactionarr.o
    0x0801cb20   0x00000064   Data   RO          339    .ARM.__AT_0x0801CB20  allactionarr.o
    0x0801cb84   0x00000064   Data   RO          340    .ARM.__AT_0x0801CB84  allactionarr.o
    0x0801cbe8   0x00000032   Data   RO          341    .ARM.__AT_0x0801CBE8  allactionarr.o
    0x0801cc1a   0x00000032   Data   RO          342    .ARM.__AT_0x0801CC1A  allactionarr.o
    0x0801cc4c   0x000000fa   Data   RO          343    .ARM.__AT_0x0801CC4C  allactionarr.o
    0x0801cd46   0x00000352   Data   RO          344    .ARM.__AT_0x0801CD46  allactionarr.o
    0x0801d098   0x00000546   Data   RO          345    .ARM.__AT_0x0801D098  allactionarr.o


    Execution Region RW_IRAM1 (Base: 0x20000000, Size: 0x00004ff8, Max: 0x0000c000, ABSOLUTE, COMPRESSED[0x00000324])

    Base Addr    Size         Type   Attr      Idx    E Section Name        Object

    0x20000000   0x00000401   Data   RW            2    .data               main.o
    0x20000401   0x00000003   PAD
    0x20000404   0x00000014   Data   RW          191    .data               system_stm32f10x.o
    0x20000418   0x00000001   Data   RW          221    .data               pwm.o
    0x20000419   0x00000380   Data   RW          255    .data               oled.o
    0x20000799   0x00000003   PAD
    0x2000079c   0x0000000c   Data   RW          277    .data               my_usart3.o
    0x200007a8   0x00000060   Data   RW          301    .data               action.o
    0x20000808   0x00000102   Data   RW          407    .data               xfs5152v2.o
    0x2000090a   0x00000004   Data   RW          425    .data               delay.o
    0x2000090e   0x00000014   Data   RW          485    .data               stm32f10x_rcc.o
    0x20000922   0x00000002   PAD
    0x20000924   0x00000010   Zero   RW          236    .bss                adc.o
    0x20000934   0x00004000   Zero   RW          276    .bss                my_usart3.o
    0x20004934   0x00000060   Zero   RW          299    .bss                action.o
    0x20004994   0x00000060   Zero   RW          599    .bss                c_w.l(libspace.o)
    0x200049f4   0x00000004   PAD
    0x200049f8   0x00000200   Zero   RW          466    HEAP                startup_stm32f10x_hd.o
    0x20004bf8   0x00000400   Zero   RW          465    STACK               startup_stm32f10x_hd.o


==============================================================================

Image component sizes


      Code (inc. data)   RO Data    RW Data    ZI Data      Debug   Object Name

      1130         80        624         96         96       4601   action.o
       532         16          0          0         16       2058   adc.o
         0          0      54750          0          0       2100   allactionarr.o
       212         18          0          4          0       1067   delay.o
        74          0          0          0          0       1045   dma.o
        96          8          0          0          0        527   led.o
      1608        204          0       1025          0     274879   main.o
       220         22          0          0          0       1845   misc.o
       568         40          0         12      16384       3758   my_usart3.o
      1504         26       2072        896          0       6555   oled.o
      2496        100          0          1          0       3202   pwm.o
        64         26        304          0       1536        808   startup_stm32f10x_hd.o
      1102         26          0          0          0      10881   stm32f10x_adc.o
       596          8          0          0          0       4374   stm32f10x_dma.o
       860         38          0          0          0       5689   stm32f10x_gpio.o
        26          0          0          0          0       1202   stm32f10x_it.o
       932         36          0         20          0       8884   stm32f10x_rcc.o
      3610         88          0          0          0      22176   stm32f10x_tim.o
      1032         22          0          0          0       8416   stm32f10x_usart.o
         0          0          0          0          0         32   sys.o
       480         38          0         20          0       1803   system_stm32f10x.o
       212         12          0          0          0       1541   uart5.o
      1152        134          8        258          0       3782   xfs5152v2.o

    ----------------------------------------------------------------------
     18512        942     101272       2340      18032     371225   Object Totals
         0          0         32          0          0          0   (incl. Generated)
         6          0      43482          8          0          0   (incl. Padding)

    ----------------------------------------------------------------------

      Code (inc. data)   RO Data    RW Data    ZI Data      Debug   Library Member Name

        90          0          0          0          0          0   __dczerorl2.o
         8          0          0          0          0         68   __main.o
         0          0          0          0          0          0   __rtentry.o
        12          0          0          0          0          0   __rtentry2.o
         6          0          0          0          0          0   __rtentry4.o
        52          8          0          0          0          0   __scatter.o
        28          0          0          0          0          0   __scatter_zi.o
        12          0          0          0          0         72   exit.o
         6          0          0          0          0        152   heapauxi.o
         2          0          0          0          0          0   libinit.o
         2          0          0          0          0          0   libinit2.o
         2          0          0          0          0          0   libshutdown.o
         2          0          0          0          0          0   libshutdown2.o
         8          4          0          0         96         68   libspace.o
        78          0          0          0          0         80   rt_memclr_w.o
       100          0          0          0          0         80   rt_memcpy_w.o
         2          0          0          0          0          0   rtexit.o
        10          0          0          0          0          0   rtexit2.o
        74          0          0          0          0         80   sys_stackheap_outer.o
         2          0          0          0          0         68   use_no_semi.o
         2          0          0          0          0         68   use_no_semi_2.o

    ----------------------------------------------------------------------
       504         12          0          0        100        736   Library Totals
         6          0          0          0          4          0   (incl. Padding)

    ----------------------------------------------------------------------

      Code (inc. data)   RO Data    RW Data    ZI Data      Debug   Library Name

       498         12          0          0         96        736   c_w.l

    ----------------------------------------------------------------------
       504         12          0          0        100        736   Library Totals

    ----------------------------------------------------------------------

==============================================================================


      Code (inc. data)   RO Data    RW Data    ZI Data      Debug   

     19016        954     101272       2340      18132     369877   Grand Totals
     19016        954     101272        804      18132     369877   ELF Image Totals (compressed)
     19016        954     101272        804          0          0   ROM Totals

==============================================================================

    Total RO  Size (Code + RO Data)               120288 ( 117.47kB)
    Total RW  Size (RW Data + ZI Data)             20472 (  19.99kB)
    Total ROM Size (Code + RO Data + RW Data)     121092 ( 118.25kB)

==============================================================================

